[safe_ngspice] cap_leak.spice  memcap=1500MB timeout=300s floor=2000MB
Warning: m=xx on .subckt line will override multiplier m hierarchy!

Using SPARSE 1.3 as Direct Linear Solver
Using SPARSE 1.3 as Direct Linear Solver

Note: Compatibility modes selected: hs a


Circuit: * cap_leak.spice -- gate leakage of the candidate hold capacitors.

Doing analysis at TEMP = 27.000000 and TNOM = 27.000000


No. of Data Rows : 1
i_mosn = 7.734631e-10
i_mosp = 1.369926e-11
i_hvn = -0.000000e+00
i_mom = 4.200000e-13
Doing analysis at TEMP = 27.000000 and TNOM = 27.000000


No. of Data Rows : 1
c_mosn = 4.187033e-12
c_mosp = 1.200397e-12
c_hvn = 5.014336e-13
c_mom = 4.944139e-13
ngspice-42 done
[safe_ngspice] exit rc=0
