[safe_ngspice] ../../char/caps.spice  memcap=1500MB timeout=300s floor=2000MB
Warning: m=xx on .subckt line will override multiplier m hierarchy!

Using SPARSE 1.3 as Direct Linear Solver

Note: Compatibility modes selected: hs a


Circuit: * sg13cmos5l passive characterization: capacitor density and resistor sheet

Doing analysis at TEMP = 27.000000 and TNOM = 27.000000

 Reference value :  0.00000e+00Using SPARSE 1.3 as Direct Linear Solver

No. of Data Rows : 1
--- resistor sheet (ohm for W=1u L=10u -> /10 = ohm/sq) ---
rh = 1.432686e+04
rp = 2.654527e+03
rs = 7.830771e+01
Doing analysis at TEMP = 27.000000 and TNOM = 27.000000


No. of Data Rows : 1
--- cap density: C = |I|/(2*pi*f) for 1 V ac, 10x10um = 100 um2 ---
ccmomi = 1.001552e-13
ccmomf = 1.287000e-13
cmoscapn06 = 1.178031e-12
cmoscapn12 = 1.267165e-12
cmoscapp06 = 3.893289e-13
ngspice-42 done
[safe_ngspice] exit rc=0
