[safe_ngspice] coarse_clamp.spice  memcap=1500MB timeout=600s floor=2000MB
Warning: m=xx on .subckt line will override multiplier m hierarchy!

Using SPARSE 1.3 as Direct Linear Solver
Note: Starting dynamic gmin stepping
Note: Dynamic gmin stepping completed
Using SPARSE 1.3 as Direct Linear Solver
Note: Starting dynamic gmin stepping
Note: Dynamic gmin stepping completed

Note: Compatibility modes selected: hs a


Circuit: * coarse_clamp.spice -- where does the coarse loop actually hold vcoarse's top rail?

=== COND 27C 1.2V vctrl=0.600
Doing analysis at TEMP = 27.000000 and TNOM = 27.000000


No. of Data Rows : 1
p_vf = 6.000000e-01
i_into_vcoarse_na = 2.034933e-01
v_spu = 8.045310e-01
ROWEND
Doing analysis at TEMP = 27.000000 and TNOM = 27.000000

 Reference value :  0.00000e+00Using SPARSE 1.3 as Direct Linear Solver
Note: Starting dynamic gmin stepping
Note: Dynamic gmin stepping completed
Using SPARSE 1.3 as Direct Linear Solver
Note: Starting dynamic gmin stepping
Note: Dynamic gmin stepping completed
Using SPARSE 1.3 as Direct Linear Solver
Note: Starting dynamic gmin stepping
Note: Dynamic gmin stepping completed
Using SPARSE 1.3 as Direct Linear Solver
Note: Starting dynamic gmin stepping
Note: Dynamic gmin stepping completed
Using SPARSE 1.3 as Direct Linear Solver
Note: Starting dynamic gmin stepping
Note: Dynamic gmin stepping completed
Using SPARSE 1.3 as Direct Linear Solver
Using SPARSE 1.3 as Direct Linear Solver
Using SPARSE 1.3 as Direct Linear Solver
Using SPARSE 1.3 as Direct Linear Solver
Note: Starting dynamic gmin stepping
Note: Dynamic gmin stepping completed
Using SPARSE 1.3 as Direct Linear Solver
Note: Starting dynamic gmin stepping
Note: Dynamic gmin stepping completed
Using SPARSE 1.3 as Direct Linear Solver
Note: Starting dynamic gmin stepping
Note: Dynamic gmin stepping completed

No. of Data Rows : 1
p_vf = 7.000000e-01
i_into_vcoarse_na = 2.927092e-01
v_spu = 8.045397e-01
ROWEND
Doing analysis at TEMP = 27.000000 and TNOM = 27.000000


No. of Data Rows : 1
p_vf = 8.000000e-01
i_into_vcoarse_na = 6.169465e-01
v_spu = 8.049720e-01
ROWEND
Doing analysis at TEMP = 27.000000 and TNOM = 27.000000


No. of Data Rows : 1
p_vf = 8.500000e-01
i_into_vcoarse_na = 1.878319e+00
v_spu = 8.073728e-01
ROWEND
Doing analysis at TEMP = 27.000000 and TNOM = 27.000000


No. of Data Rows : 1
p_vf = 9.000000e-01
i_into_vcoarse_na = 9.631699e+00
v_spu = 8.193569e-01
ROWEND
Doing analysis at TEMP = 27.000000 and TNOM = 27.000000


No. of Data Rows : 1
p_vf = 9.500000e-01
i_into_vcoarse_na = 5.429653e+01
v_spu = 8.512388e-01
ROWEND
Doing analysis at TEMP = 27.000000 and TNOM = 27.000000


No. of Data Rows : 1
p_vf = 1.000000e+00
i_into_vcoarse_na = 2.392577e+02
v_spu = 8.951405e-01
ROWEND
Doing analysis at TEMP = 27.000000 and TNOM = 27.000000


No. of Data Rows : 1
p_vf = 1.100000e+00
i_into_vcoarse_na = 1.555849e+03
v_spu = 9.861226e-01
ROWEND
Doing analysis at TEMP = 27.000000 and TNOM = 27.000000


No. of Data Rows : 1
p_vf = 1.200000e+00
i_into_vcoarse_na = 4.296161e+03
v_spu = 1.069701e+00
ROWEND
=== COND 125C 1.32V vctrl=0.660
Doing analysis at TEMP = 125.000000 and TNOM = 27.000000


No. of Data Rows : 1
p_vf = 6.000000e-01
i_into_vcoarse_na = 4.000136e+00
v_spu = 7.733059e-01
ROWEND
Doing analysis at TEMP = 125.000000 and TNOM = 27.000000


No. of Data Rows : 1
p_vf = 7.000000e-01
i_into_vcoarse_na = 4.413101e+00
v_spu = 7.734460e-01
ROWEND
Doing analysis at TEMP = 125.000000 and TNOM = 27.000000


No. of Data Rows : 1
p_vf = 8.000000e-01
i_into_vcoarse_na = 5.690197e+00
v_spu = 7.760783e-01
ROWEND
Doing analysis at TEMP = 125.000000 and TNOM = 27.000000

 Reference value :  0.00000e+00Using SPARSE 1.3 as Direct Linear Solver
Using SPARSE 1.3 as Direct Linear Solver
Note: Starting dynamic gmin stepping
Note: Dynamic gmin stepping completed
Using SPARSE 1.3 as Direct Linear Solver
Using SPARSE 1.3 as Direct Linear Solver
Using SPARSE 1.3 as Direct Linear Solver
Using SPARSE 1.3 as Direct Linear Solver
Note: Starting dynamic gmin stepping
Note: Dynamic gmin stepping completed
Using SPARSE 1.3 as Direct Linear Solver
Note: Starting dynamic gmin stepping
Note: Dynamic gmin stepping completed
Using SPARSE 1.3 as Direct Linear Solver
Note: Starting dynamic gmin stepping
Note: Dynamic gmin stepping completed
Using SPARSE 1.3 as Direct Linear Solver
Note: Starting dynamic gmin stepping
Note: Dynamic gmin stepping completed
Using SPARSE 1.3 as Direct Linear Solver
Using SPARSE 1.3 as Direct Linear Solver
Using SPARSE 1.3 as Direct Linear Solver
Using SPARSE 1.3 as Direct Linear Solver
Using SPARSE 1.3 as Direct Linear Solver

No. of Data Rows : 1
p_vf = 8.500000e-01
i_into_vcoarse_na = 8.810188e+00
v_spu = 7.837805e-01
ROWEND
Doing analysis at TEMP = 125.000000 and TNOM = 27.000000


No. of Data Rows : 1
p_vf = 9.000000e-01
i_into_vcoarse_na = 2.075396e+01
v_spu = 8.047604e-01
ROWEND
Doing analysis at TEMP = 125.000000 and TNOM = 27.000000


No. of Data Rows : 1
p_vf = 9.500000e-01
i_into_vcoarse_na = 6.485826e+01
v_spu = 8.413276e-01
ROWEND
Doing analysis at TEMP = 125.000000 and TNOM = 27.000000


No. of Data Rows : 1
p_vf = 1.000000e+00
i_into_vcoarse_na = 2.003733e+02
v_spu = 8.858340e-01
ROWEND
Doing analysis at TEMP = 125.000000 and TNOM = 27.000000


No. of Data Rows : 1
p_vf = 1.100000e+00
i_into_vcoarse_na = -6.20375e+03
v_spu = 9.774613e-01
ROWEND
Doing analysis at TEMP = 125.000000 and TNOM = 27.000000


No. of Data Rows : 1
p_vf = 1.320000e+00
i_into_vcoarse_na = 6.496618e+03
v_spu = 1.158535e+00
ROWEND
=== COND 27C 1.08V vctrl=0.540
Doing analysis at TEMP = 27.000000 and TNOM = 27.000000


No. of Data Rows : 1
p_vf = 6.000000e-01
i_into_vcoarse_na = 2.392186e-01
v_spu = 7.459463e-01
ROWEND
Doing analysis at TEMP = 27.000000 and TNOM = 27.000000


No. of Data Rows : 1
p_vf = 7.000000e-01
i_into_vcoarse_na = 3.826311e-01
v_spu = 7.460719e-01
ROWEND
Doing analysis at TEMP = 27.000000 and TNOM = 27.000000


No. of Data Rows : 1
p_vf = 8.000000e-01
i_into_vcoarse_na = 3.216763e+00
v_spu = 7.514825e-01
ROWEND
Doing analysis at TEMP = 27.000000 and TNOM = 27.000000


No. of Data Rows : 1
p_vf = 8.500000e-01
i_into_vcoarse_na = 1.824953e+01
v_spu = 7.705314e-01
ROWEND
Doing analysis at TEMP = 27.000000 and TNOM = 27.000000


No. of Data Rows : 1
p_vf = 9.000000e-01
i_into_vcoarse_na = 9.748948e+01
v_spu = 8.086452e-01
ROWEND
Doing analysis at TEMP = 27.000000 and TNOM = 27.000000


No. of Data Rows : 1
p_vf = 9.500000e-01
i_into_vcoarse_na = 3.715873e+02
v_spu = 8.537661e-01
ROWEND
Doing analysis at TEMP = 27.000000 and TNOM = 27.000000


No. of Data Rows : 1
p_vf = 1.000000e+00
i_into_vcoarse_na = 9.683829e+02
v_spu = 8.990047e-01
ROWEND
Doing analysis at TEMP = 27.000000 and TNOM = 27.000000


No. of Data Rows : 1
p_vf = 1.100000e+00
i_into_vcoarse_na = 3.222493e+03
v_spu = 9.835989e-01
ROWEND
Doing analysis at TEMP = 27.000000 and TNOM = 27.000000


No. of Data Rows : 1
p_vf = 1.080000e+00
i_into_vcoarse_na = 2.661637e+03
v_spu = 9.673027e-01
ROWEND
ngspice-42 done
[safe_ngspice] exit rc=0
