[safe_ngspice] coarse_tb.spice  memcap=2500MB timeout=2400s floor=2000MB
Warning: m=xx on .subckt line will override multiplier m hierarchy!

Using SPARSE 1.3 as Direct Linear Solver
Note: Starting dynamic gmin stepping
Note: Dynamic gmin stepping completed

Note: Compatibility modes selected: hs a


Circuit: * coarse_tb.spice -- the coarse loop on its own, with vctrl driven by hand.

Doing analysis at TEMP = 27.000000 and TNOM = 27.000000


Initial Transient Solution
--------------------------

Node                                   Voltage
----                                   -------
sub!                                         0
vdd                                        1.2
vss                                          0
ibias                                 0.484278
vctrl                                      0.1
x1.nb1                                0.769245
x1.nb2                                0.195594
x1.vh                                 0.719999
x1.xrlt.dt                                   0
x1.vl                                 0.479999
x1.xrlm.dt                                   0
x1.xrlb.dt                                   0
x1.spu                                0.474989
x1.nu1                                0.166594
x1.nu2                                0.890646
vcoarse                                      0
x1.snd                                  0.5471
x1.nd                                  1.16105
x1.ne                                0.0026017
x1.nlo                                 1.19871
x1.nhi                                 1.19979
x1.nlon                            9.51158e-08
x1.rst                                     1.2
x1.rstn                            1.86732e-07
x1.nas                               0.0508975
x1.nbs                             1.04215e-07
vct#branch                         1.86462e-12
vss#branch                         4.37316e-06
vdd#branch                        -2.06077e-05
vsub#branch                                  0

 Reference value :  1.40165e-08 Reference value :  3.38250e-05 Reference value :  5.01750e-05 Reference value :  6.81207e-05 Reference value :  9.76207e-05 Reference value :  1.22825e-04 Reference value :  1.46260e-04 Reference value :  1.81575e-04 Reference value :  2.12675e-04 Reference value :  2.43725e-04 Reference value :  2.77375e-04 Reference value :  3.07425e-04 Reference value :  3.33825e-04
No. of Data Rows : 7157
v_park              =  1.201544e+00 at=  5.093372e-07
t_s09               =  7.630990e-05
t_s05               =  9.741159e-05
vc_lo               =  1.223116e-01 at=  6.282500e-05
vc_hi               =  1.200711e+00 at=  1.232624e-04
v_park = 1.201544e+00
search_mv_us = 1.895583e+01
vc_lo = 1.223116e-01
vc_hi = 1.200711e+00
search_span = 1.078399e+00
n68a                =  5.911125e-01
n68b                =  5.082548e-01
n64a                =  4.925832e-01
n64b                =  4.691087e-01
n60a                =  4.663082e-01
n60b                =  4.668285e-01
n56a                =  4.742691e-01
n56b                =  4.985346e-01
n52a                =  5.271842e-01
n52b                =  6.055748e-01
d_680 = -2.95920e+00
d_640 = -8.38375e-01
d_600 = 1.858214e-02
d_560 = 8.666250e-01
d_520 = 2.799664e+00
v(x1.vh)[0] = 7.199994e-01
v(x1.vl)[0] = 4.799994e-01
ngspice-42 done
[safe_ngspice] exit rc=0
