[safe_ngspice] coarse_tb_fold.spice  memcap=2000MB timeout=1800s floor=2000MB
Warning: m=xx on .subckt line will override multiplier m hierarchy!

Using SPARSE 1.3 as Direct Linear Solver
Note: Starting dynamic gmin stepping
Note: Dynamic gmin stepping completed

Note: Compatibility modes selected: hs a


Circuit: * coarse_tb_fold.spice -- the original coarse_tb characterisation (cold start,

Doing analysis at TEMP = 27.000000 and TNOM = 27.000000


Initial Transient Solution
--------------------------

Node                                   Voltage
----                                   -------
sub!                                         0
vdd                                        1.2
vss                                          0
ibias                                 0.484278
vctrl                                      0.1
x1.nb1                                0.769245
x1.nb2                                0.195594
x1.vh                                 0.719999
x1.xrlt.dt                                   0
x1.vl                                 0.479999
x1.xrlm.dt                                   0
x1.xrlb.dt                                   0
x1.spu                                0.474989
x1.nu1                                0.166594
x1.nu2                                0.890646
vcoarse                                      0
x1.snd                                  0.5471
x1.nd                                  1.16105
x1.ne                                0.0026017
x1.nlo                                 1.19871
x1.nhi                                 1.19979
x1.nlon                            9.51158e-08
x1.rst                                     1.2
x1.rstn                            1.86732e-07
x1.nas                               0.0508975
x1.nbs                             1.04215e-07
vct#branch                         1.86462e-12
vss#branch                         4.37316e-06
vdd#branch                        -2.06131e-05
vsub#branch                                  0

 Reference value :  2.61483e-06 Reference value :  3.66750e-05 Reference value :  7.43133e-05 Reference value :  9.20633e-05 Reference value :  1.20313e-04 Reference value :  1.39790e-04 Reference value :  1.62225e-04 Reference value :  1.96525e-04 Reference value :  2.39625e-04 Reference value :  2.80625e-04 Reference value :  2.99625e-04 Reference value :  3.22875e-04
No. of Data Rows : 7162
v_park              =  1.201542e+00 at=  5.087418e-07
vc_a                =  1.607054e-01
vc_b                =  1.041965e+00
vc_lo               =  1.225107e-01 at=  1.229913e-04
vc_hi               =  1.200709e+00 at=  6.341661e-05
v_park = 1.201542e+00
search_mv_us = -8.81260e+01
vc_lo = 1.225107e-01
vc_hi = 1.200709e+00
search_span = 1.078198e+00
n68a                =  5.960205e-01
n68b                =  5.138086e-01
n64a                =  4.985620e-01
n64b                =  4.764038e-01
n60a                =  4.746938e-01
n60b                =  4.785200e-01
n56a                =  4.895046e-01
n56b                =  5.237674e-01
n52a                =  5.632137e-01
n52b                =  6.706845e-01
d_680 = -2.93614e+00
d_640 = -7.91364e-01
d_600 = 1.366500e-01
d_560 = 1.223671e+00
d_520 = 3.838243e+00
v(x1.vh)[0] = 7.199994e-01
v(x1.vl)[0] = 4.799994e-01
ngspice-42 done
[safe_ngspice] exit rc=0
