[safe_ngspice] cp_mismatch_pvt2.spice  memcap=2500MB timeout=2400s floor=2000MB
Warning: m=xx on .subckt line will override multiplier m hierarchy!

Using SPARSE 1.3 as Direct Linear Solver
Using SPARSE 1.3 as Direct Linear Solver
Using SPARSE 1.3 as Direct Linear Solver
Using SPARSE 1.3 as Direct Linear Solver
Using SPARSE 1.3 as Direct Linear Solver
Using SPARSE 1.3 as Direct Linear Solver
Using SPARSE 1.3 as Direct Linear Solver
Using SPARSE 1.3 as Direct Linear Solver
Using SPARSE 1.3 as Direct Linear Solver
Using SPARSE 1.3 as Direct Linear Solver
Using SPARSE 1.3 as Direct Linear Solver
Using SPARSE 1.3 as Direct Linear Solver
Using SPARSE 1.3 as Direct Linear Solver
Using SPARSE 1.3 as Direct Linear Solver
Using SPARSE 1.3 as Direct Linear Solver
Using SPARSE 1.3 as Direct Linear Solver
Using SPARSE 1.3 as Direct Linear Solver

Note: Compatibility modes selected: hs a


Circuit: * cp_mismatch_pvt2.spice -- the up and down currents behind the corner mismatch.

Reset re-loads circuit * cp_mismatch_pvt2.spice -- the up and down currents behind the corner mismatch.

Circuit: * cp_mismatch_pvt2.spice -- the up and down currents behind the corner mismatch.

Doing analysis at TEMP = -40.000000 and TNOM = 27.000000


No. of Data Rows : 1
p_temp = -4.00000e+01
p_vdd = 1.080000e+00
p_vout = 5.000000e-01
i_up_na = 3.857711e+02
i_dn_na = 3.900701e+02
bn = 3.530760e-01
bp = 6.117917e-01
Doing analysis at TEMP = -40.000000 and TNOM = 27.000000


No. of Data Rows : 1
p_temp = -4.00000e+01
p_vdd = 1.080000e+00
p_vout = 6.000000e-01
i_up_na = 3.846494e+02
i_dn_na = 4.118917e+02
bn = 3.530760e-01
bp = 6.117917e-01
Doing analysis at TEMP = -40.000000 and TNOM = 27.000000


No. of Data Rows : 1
p_temp = -4.00000e+01
p_vdd = 1.080000e+00
p_vout = 7.000000e-01
i_up_na = 3.804755e+02
i_dn_na = 4.168604e+02
bn = 3.530760e-01
bp = 6.117917e-01
Doing analysis at TEMP = -40.000000 and TNOM = 27.000000


No. of Data Rows : 1
p_temp = -4.00000e+01
p_vdd = 1.200000e+00
p_vout = 5.000000e-01
i_up_na = 4.643348e+02
i_dn_na = 4.341758e+02
bn = 3.569184e-01
bp = 7.241922e-01
Doing analysis at TEMP = -40.000000 and TNOM = 27.000000


No. of Data Rows : 1
p_temp = -4.00000e+01
p_vdd = 1.200000e+00
p_vout = 6.000000e-01
i_up_na = 4.635493e+02
i_dn_na = 4.574695e+02
bn = 3.569184e-01
bp = 7.241922e-01
Doing analysis at TEMP = -40.000000 and TNOM = 27.000000


No. of Data Rows : 1
p_temp = -4.00000e+01
p_vdd = 1.200000e+00
p_vout = 7.000000e-01
i_up_na = 4.599681e+02
i_dn_na = 4.626745e+02
bn = 3.569184e-01
bp = 7.241922e-01
Doing analysis at TEMP = -40.000000 and TNOM = 27.000000


No. of Data Rows : 1
p_temp = -4.00000e+01
p_vdd = 1.320000e+00
p_vout = 5.000000e-01
i_up_na = 5.433788e+02
i_dn_na = 4.749527e+02
bn = 3.602212e-01
bp = 8.373966e-01
Doing analysis at TEMP = -40.000000 and TNOM = 27.000000


No. of Data Rows : 1
p_temp = -4.00000e+01
p_vdd = 1.320000e+00
p_vout = 6.000000e-01
i_up_na = 5.427980e+02
i_dn_na = 4.995064e+02
bn = 3.602212e-01
bp = 8.373966e-01
Doing analysis at TEMP = -40.000000 and TNOM = 27.000000


No. of Data Rows : 1
p_temp = -4.00000e+01
p_vdd = 1.320000e+00
p_vout = 7.000000e-01
i_up_na = 5.397779e+02
i_dn_na = 5.049195e+02
bn = 3.602212e-01
bp = 8.373966e-01
Doing analysis at TEMP = 27.000000 and TNOM = 27.000000


No. of Data Rows : 1
p_temp = 2.700000e+01
p_vdd = 1.080000e+00
p_vout = 5.000000e-01
i_up_na = 6.072235e+02
i_dn_na = 6.168061e+02
bn = 3.278549e-01
bp = 6.190769e-01
Doing analysis at TEMP = 27.000000 and TNOM = 27.000000


No. of Data Rows : 1
p_temp = 2.700000e+01
p_vdd = 1.080000e+00
p_vout = 6.000000e-01
i_up_na = 6.047603e+02
i_dn_na = 6.480862e+02
bn = 3.278549e-01
bp = 6.190769e-01
Doing analysis at TEMP = 27.000000 and TNOM = 27.000000


No. of Data Rows : 1
p_temp = 2.700000e+01
p_vdd = 1.080000e+00
p_vout = 7.000000e-01
i_up_na = 5.990904e+02
i_dn_na = 6.588393e+02
bn = 3.278549e-01
bp = 6.190769e-01
Doing analysis at TEMP = 27.000000 and TNOM = 27.000000


No. of Data Rows : 1
p_temp = 2.700000e+01
p_vdd = 1.200000e+00
p_vout = 5.000000e-01
i_up_na = 7.084025e+02
i_dn_na = 6.742689e+02
bn = 3.323184e-01
bp = 7.303219e-01
Doing analysis at TEMP = 27.000000 and TNOM = 27.000000


No. of Data Rows : 1
p_temp = 2.700000e+01
p_vdd = 1.200000e+00
p_vout = 6.000000e-01
i_up_na = 7.065803e+02
i_dn_na = 7.071787e+02
bn = 3.323184e-01
bp = 7.303219e-01
Doing analysis at TEMP = 27.000000 and TNOM = 27.000000


No. of Data Rows : 1
p_temp = 2.700000e+01
p_vdd = 1.200000e+00
p_vout = 7.000000e-01
i_up_na = 7.017392e+02
i_dn_na = 7.182449e+02
bn = 3.323184e-01
bp = 7.303219e-01
Doing analysis at TEMP = 27.000000 and TNOM = 27.000000


No. of Data Rows : 1
p_temp = 2.700000e+01
p_vdd = 1.320000e+00
p_vout = 5.000000e-01
i_up_na = 8.083896e+02
i_dn_na = 7.272675e+02
bn = 3.361988e-01
bp = 8.424638e-01
Doing analysis at TEMP = 27.000000 and TNOM = 27.000000


No. of Data Rows : 1
p_temp = 2.700000e+01
p_vdd = 1.320000e+00
p_vout = 6.000000eUsing SPARSE 1.3 as Direct Linear Solver
Using SPARSE 1.3 as Direct Linear Solver
-01
i_up_na = 8.070365e+02
i_dn_na = 7.615766e+02
bn = 3.361988e-01
bp = 8.424638e-01
Doing analysis at TEMP = 27.000000 and TNOM = 27.000000


No. of Data Rows : 1
p_temp = 2.700000e+01
p_vdd = 1.320000e+00
p_vout = 7.000000e-01
i_up_na = 8.028575e+02
i_dn_na = 7.729099e+02
bn = 3.361988e-01
bp = 8.424638e-01
Doing analysis at TEMP = 125.000000 and TNOM = 27.000000

 Reference value :  0.00000e+00Using SPARSE 1.3 as Direct Linear Solver
Using SPARSE 1.3 as Direct Linear Solver
Using SPARSE 1.3 as Direct Linear Solver
Using SPARSE 1.3 as Direct Linear Solver
Using SPARSE 1.3 as Direct Linear Solver
Using SPARSE 1.3 as Direct Linear Solver
Using SPARSE 1.3 as Direct Linear Solver
Using SPARSE 1.3 as Direct Linear Solver

No. of Data Rows : 1
p_temp = 1.250000e+02
p_vdd = 1.080000e+00
p_vout = 5.000000e-01
i_up_na = 1.059583e+03
i_dn_na = 1.083788e+03
bn = 2.965848e-01
bp = 6.362351e-01
Doing analysis at TEMP = 125.000000 and TNOM = 27.000000


No. of Data Rows : 1
p_temp = 1.250000e+02
p_vdd = 1.080000e+00
p_vout = 6.000000e-01
i_up_na = 1.054340e+03
i_dn_na = 1.127798e+03
bn = 2.965848e-01
bp = 6.362351e-01
Doing analysis at TEMP = 125.000000 and TNOM = 27.000000


No. of Data Rows : 1
p_temp = 1.250000e+02
p_vdd = 1.080000e+00
p_vout = 7.000000e-01
i_up_na = 1.045716e+03
i_dn_na = 1.150974e+03
bn = 2.965848e-01
bp = 6.362351e-01
Doing analysis at TEMP = 125.000000 and TNOM = 27.000000


No. of Data Rows : 1
p_temp = 1.250000e+02
p_vdd = 1.200000e+00
p_vout = 5.000000e-01
i_up_na = 1.198883e+03
i_dn_na = 1.164654e+03
bn = 3.021860e-01
bp = 7.459021e-01
Doing analysis at TEMP = 125.000000 and TNOM = 27.000000


No. of Data Rows : 1
p_temp = 1.250000e+02
p_vdd = 1.200000e+00
p_vout = 6.000000e-01
i_up_na = 1.194704e+03
i_dn_na = 1.210339e+03
bn = 3.021860e-01
bp = 7.459021e-01
Doing analysis at TEMP = 125.000000 and TNOM = 27.000000


No. of Data Rows : 1
p_temp = 1.250000e+02
p_vdd = 1.200000e+00
p_vout = 7.000000e-01
i_up_na = 1.187627e+03
i_dn_na = 1.233979e+03
bn = 3.021860e-01
bp = 7.459021e-01
Doing analysis at TEMP = 125.000000 and TNOM = 27.000000


No. of Data Rows : 1
p_temp = 1.250000e+02
p_vdd = 1.320000e+00
p_vout = 5.000000e-01
i_up_na = 1.412002e+03
i_dn_na = 1.281484e+03
bn = 3.098239e-01
bp = 8.512146e-01
Doing analysis at TEMP = 125.000000 and TNOM = 27.000000


No. of Data Rows : 1
p_temp = 1.250000e+02
p_vdd = 1.320000e+00
p_vout = 6.000000e-01
i_up_na = 1.408515e+03
i_dn_na = 1.329416e+03
bn = 3.098239e-01
bp = 8.512146e-01
Doing analysis at TEMP = 125.000000 and TNOM = 27.000000


No. of Data Rows : 1
p_temp = 1.250000e+02
p_vdd = 1.320000e+00
p_vout = 7.000000e-01
i_up_na = 1.402122e+03
i_dn_na = 1.353652e+03
bn = 3.098239e-01
bp = 8.512146e-01
ngspice-42 done
[safe_ngspice] exit rc=0
