[safe_ngspice] cp_current.spice  memcap=2500MB timeout=300s floor=2000MB
Warning: m=xx on .subckt line will override multiplier m hierarchy!

Using SPARSE 1.3 as Direct Linear Solver
Warning: singular matrix:  check node f1

Note: Starting dynamic gmin stepping
Note: Dynamic gmin stepping completed

Note: Compatibility modes selected: hs a


Circuit: * charge pump current and loop-filter capacitance, measured rather than

Doing analysis at TEMP = 27.000000 and TNOM = 27.000000

OSDI(debug) n.x4.xr.xr.nr1: WARNING: V(i1,c) voltage is greater than specified by vmax
OSDI(debug) n.x4.xr.xr.nr1: WARNING: V(i2,c) voltage is greater than specified by vmax
OSDI(debug) n.x4.xr.xr.nr1: WARNING: V(i1,c) voltage is greater than specified by vmax
OSDI(debug) n.x4.xr.xr.nr1: WARNING: V(i2,c) voltage is greater than specified by vmax
 Reference value :  0.00000e+00Using SPARSE 1.3 as Direct Linear Solver

No. of Data Rows : 1
i_up = 8.951946e-07
i_down = -7.96512e-07
i_leak = 1.971529e-11
bias_n = 2.868082e-01
bias_p = 7.698978e-01
Doing analysis at TEMP = 27.000000 and TNOM = 27.000000

Using transient initial conditions
 Reference value :  3.51263e-09 Reference value :  8.44263e-09 Reference value :  1.24426e-08 Reference value :  1.72926e-08 Reference value :  2.25526e-08 Reference value :  2.93826e-08 Reference value :  3.22126e-08 Reference value :  3.64126e-08 Reference value :  3.99826e-08
No. of Data Rows : 4014
t_lo                =  7.033065e-09
t_hi                =  1.574656e-08
c_filt = 4.356747e-13
t_lo = 7.033065e-09
t_hi = 1.574656e-08
ngspice-42 done
[safe_ngspice] exit rc=0
