[safe_ngspice] cp_ibias_pvt.spice  memcap=2500MB timeout=2400s floor=2000MB
Warning: m=xx on .subckt line will override multiplier m hierarchy!

Using SPARSE 1.3 as Direct Linear Solver
Note: Starting dynamic gmin stepping
Note: Dynamic gmin stepping completed
Using SPARSE 1.3 as Direct Linear Solver
Note: Starting dynamic gmin stepping
Note: Dynamic gmin stepping completed
Using SPARSE 1.3 as Direct Linear Solver
Note: Starting dynamic gmin stepping
Note: Dynamic gmin stepping completed
Using SPARSE 1.3 as Direct Linear Solver
Note: Starting dynamic gmin stepping
Note: Dynamic gmin stepping completed
Using SPARSE 1.3 as Direct Linear Solver
Note: Starting dynamic gmin stepping
Note: Dynamic gmin stepping completed
Using SPARSE 1.3 as Direct Linear Solver
Note: Starting dynamic gmin stepping
Note: Dynamic gmin stepping completed
Using SPARSE 1.3 as Direct Linear Solver
Note: Starting dynamic gmin stepping
Note: Dynamic gmin stepping completed
Using SPARSE 1.3 as Direct Linear Solver
Note: Starting dynamic gmin stepping
Note: Dynamic gmin stepping completed

Note: Compatibility modes selected: hs a


Circuit: * cp_ibias_pvt.spice -- pump up/down currents with cp_bias (from the 40 ua ibias

Reset re-loads circuit * cp_ibias_pvt.spice -- pump up/down currents with cp_bias (from the 40 ua ibias

Circuit: * cp_ibias_pvt.spice -- pump up/down currents with cp_bias (from the 40 ua ibias

Doing analysis at TEMP = -40.000000 and TNOM = 27.000000


No. of Data Rows : 1
p_lm = 4.000000e+00
p_temp = -4.00000e+01
p_vdd = 1.080000e+00
p_vout = 5.000000e-01
i_up_na = 1.339563e+03
i_dn_na = 1.428052e+03
ROWEND
Doing analysis at TEMP = -40.000000 and TNOM = 27.000000


No. of Data Rows : 1
p_lm = 4.000000e+00
p_temp = -4.00000e+01
p_vdd = 1.080000e+00
p_vout = 6.000000e-01
i_up_na = 1.336840e+03
i_dn_na = 1.468263e+03
ROWEND
Doing analysis at TEMP = -40.000000 and TNOM = 27.000000


No. of Data Rows : 1
p_lm = 4.000000e+00
p_temp = -4.00000e+01
p_vdd = 1.080000e+00
p_vout = 7.000000e-01
i_up_na = 1.324943e+03
i_dn_na = 1.477359e+03
ROWEND
Doing analysis at TEMP = -40.000000 and TNOM = 27.000000


No. of Data Rows : 1
p_lm = 4.000000e+00
p_temp = -4.00000e+01
p_vdd = 1.200000e+00
p_vout = 5.000000e-01
i_up_na = 1.380367e+03
i_dn_na = 1.464655e+03
ROWEND
Doing analysis at TEMP = -40.000000 and TNOM = 27.000000


No. of Data Rows : 1
p_lm = 4.000000e+00
p_temp = -4.00000e+01
p_vdd = 1.200000e+00
p_vout = 6.000000e-01
i_up_na = 1.378565e+03
i_dn_na = 1.505197e+03
ROWEND
Doing analysis at TEMP = -40.000000 and TNOM = 27.000000


No. of Data Rows : 1
p_lm = 4.000000e+00
p_temp = -4.00000e+01
p_vdd = 1.200000e+00
p_vout = 7.000000e-01
i_up_na = 1.370480e+03
i_dn_na = 1.514412e+03
ROWEND
Doing analysis at TEMP = -40.000000 and TNOM = 27.000000


No. of Data Rows : 1
p_lm = 4.000000e+00
p_temp = -4.00000e+01
p_vdd = 1.320000e+00
p_vout = 5.000000e-01
i_up_na = 1.416030e+03
i_dn_na = 1.497255e+03
ROWEND
Doing analysis at TEMP = -40.000000 and TNOM = 27.000000

 Reference value :  0.00000e+00Using SPARSE 1.3 as Direct Linear Solver
Note: Starting dynamic gmin stepping
Note: Dynamic gmin stepping completed
Using SPARSE 1.3 as Direct Linear Solver
Using SPARSE 1.3 as Direct Linear Solver
Using SPARSE 1.3 as Direct Linear Solver
Using SPARSE 1.3 as Direct Linear Solver
Using SPARSE 1.3 as Direct Linear Solver
Using SPARSE 1.3 as Direct Linear Solver
Using SPARSE 1.3 as Direct Linear Solver
Using SPARSE 1.3 as Direct Linear Solver
Using SPARSE 1.3 as Direct Linear Solver
Using SPARSE 1.3 as Direct Linear Solver
Using SPARSE 1.3 as Direct Linear Solver
Using SPARSE 1.3 as Direct Linear Solver
Using SPARSE 1.3 as Direct Linear Solver
Using SPARSE 1.3 as Direct Linear Solver
Using SPARSE 1.3 as Direct Linear Solver
Using SPARSE 1.3 as Direct Linear Solver
Using SPARSE 1.3 as Direct Linear Solver

No. of Data Rows : 1
p_lm = 4.000000e+00
p_temp = -4.00000e+01
p_vdd = 1.320000e+00
p_vout = 6.000000e-01
i_up_na = 1.414726e+03
i_dn_na = 1.538083e+03
ROWEND
Doing analysis at TEMP = -40.000000 and TNOM = 27.000000


No. of Data Rows : 1
p_lm = 4.000000e+00
p_temp = -4.00000e+01
p_vdd = 1.320000e+00
p_vout = 7.000000e-01
i_up_na = 1.408982e+03
i_dn_na = 1.547403e+03
ROWEND
Doing analysis at TEMP = 27.000000 and TNOM = 27.000000


No. of Data Rows : 1
p_lm = 4.000000e+00
p_temp = 2.700000e+01
p_vdd = 1.080000e+00
p_vout = 5.000000e-01
i_up_na = 1.324578e+03
i_dn_na = 1.431673e+03
ROWEND
Doing analysis at TEMP = 27.000000 and TNOM = 27.000000


No. of Data Rows : 1
p_lm = 4.000000e+00
p_temp = 2.700000e+01
p_vdd = 1.080000e+00
p_vout = 6.000000e-01
i_up_na = 1.320405e+03
i_dn_na = 1.478537e+03
ROWEND
Doing analysis at TEMP = 27.000000 and TNOM = 27.000000


No. of Data Rows : 1
p_lm = 4.000000e+00
p_temp = 2.700000e+01
p_vdd = 1.080000e+00
p_vout = 7.000000e-01
i_up_na = 1.308668e+03
i_dn_na = 1.492444e+03
ROWEND
Doing analysis at TEMP = 27.000000 and TNOM = 27.000000


No. of Data Rows : 1
p_lm = 4.000000e+00
p_temp = 2.700000e+01
p_vdd = 1.200000e+00
p_vout = 5.000000e-01
i_up_na = 1.358201e+03
i_dn_na = 1.462406e+03
ROWEND
Doing analysis at TEMP = 27.000000 and TNOM = 27.000000


No. of Data Rows : 1
p_lm = 4.000000e+00
p_temp = 2.700000e+01
p_vdd = 1.200000e+00
p_vout = 6.000000e-01
i_up_na = 1.355462e+03
i_dn_na = 1.509650e+03
ROWEND
Doing analysis at TEMP = 27.000000 and TNOM = 27.000000


No. of Data Rows : 1
p_lm = 4.000000e+00
p_temp = 2.700000e+01
p_vdd = 1.200000e+00
p_vout = 7.000000e-01
i_up_na = 1.347074e+03
i_dn_na = 1.523649e+03
ROWEND
Doing analysis at TEMP = 27.000000 and TNOM = 27.000000


No. of Data Rows : 1
p_lm = 4.000000e+00
p_temp = 2.700000e+01
p_vdd = 1.320000e+00
p_vout = 5.000000e-01
i_up_na = 1.387638e+03
i_dn_na = 1.489765e+03
ROWEND
Doing analysis at TEMP = 27.000000 and TNOM = 27.000000


No. of Data Rows : 1
p_lm = 4.000000e+00
p_temp = 2.700000e+01
p_vdd = 1.320000e+00
p_vout = 6.000000e-01
i_up_na = 1.385747e+03
i_dn_na = 1.537340e+03
ROWEND
Doing analysis at TEMP = 27.000000 and TNOM = 27.000000


No. of Data Rows : 1
p_lm = 4.000000e+00
p_temp = 2.700000e+01
p_vdd = 1.320000e+00
p_vout = 7.000000e-01
i_up_na = 1.379417e+03
i_dn_na = 1.551419e+03
ROWEND
Doing analysis at TEMP = 125.000000 and TNOM = 27.000000


No. of Data Rows : 1
p_lm = 4.000000e+00
p_temp = 1.250000e+02
p_vdd = 1.080000e+00
p_vout = 5.000000e-01
i_up_na = 1.310622e+03
i_dn_na = 1.445321e+03
ROWEND
Doing analysis at TEMP = 125.000000 and TNOM = 27.000000


No. of Data Rows : 1
p_lm = 4.000000e+00
p_temp = 1.250000e+02
p_vdd = 1.080000e+00
p_vout = 6.000000e-01
i_up_na = 1.304364e+03
i_dn_na = 1.496104e+03
ROWEND
Doing analysis at TEMP = 125.000000 and TNOM = 27.000000


No. of Data Rows : 1
p_lm = 4.000000e+00
p_temp = 1.250000e+02
p_vdd = 1.080000e+00
p_vout = 7.000000e-01
i_up_na = 1.293578e+03
i_dn_na = 1.521062e+03
ROWEND
Doing analysis at TEMP = 125.000000 and TNOM = 27.000000


No. of Data Rows : 1
p_lm = 4.000000e+00
p_temp = 1.250000e+02
p_vdd = 1.200000e+00
p_vout = 5.000000e-01
i_up_na = 1.336957e+03
i_dn_na = 1.469511e+03
ROWEND
Doing analysis at TEMP = 125.000000 and TNOM = 27.000000


No. of Data Rows : 1
p_lm = 4.000000e+00
p_temp = 1.250000e+02
p_vdd = 1.200000e+00
p_vout = 6.000000e-01
i_up_na = 1.332429e+03
i_dn_na = 1.520691e+03
ROWEND
Doing analysis at TEMP = 125.000000 and TNOM = 27.000000


No. of Data Rows : 1
p_lm = 4.000000e+00
p_temp = 1.250000e+02
p_vdd = 1.200000e+00
p_vout = 7.000000e-01
i_up_na = 1.324573e+03
i_dn_na = 1.545749e+03
ROWEND
Doing analysis at TEMP = 125.000000 and TNOM = 27.000000


No. of Data Rows : 1
p_lm = 4.000000e+00
p_temp = 1.250000e+02
p_vdd = 1.320000e+00
p_vout = 5.000000e-01
i_up_na = 1.359977e+03
i_dn_na = 1.491042e+03
ROWEND
Doing analysis at TEMP = 125.000000 and TNOM = 27.000000


No. of Data Rows : 1
p_lm = 4.000000e+00
p_temp = 1.250000e+02
p_vdd = 1.320000e+00
p_vout = 6.000000e-01
i_up_na = 1.356575e+03
i_dn_na = 1.542571e+03
ROWEND
Doing analysis at TEMUsing SPARSE 1.3 as Direct Linear Solver
Using SPARSE 1.3 as Direct Linear Solver
Note: Starting dynamic gmin stepping
Note: Dynamic gmin stepping completed
Using SPARSE 1.3 as Direct Linear Solver
Note: Starting dynamic gmin stepping
Note: Dynamic gmin stepping completed
Using SPARSE 1.3 as Direct Linear Solver
Note: Starting dynamic gmin stepping
Note: Dynamic gmin stepping completed
Using SPARSE 1.3 as Direct Linear Solver
Note: Starting dynamic gmin stepping
Note: Dynamic gmin stepping completed
Using SPARSE 1.3 as Direct Linear Solver
Note: Starting dynamic gmin stepping
Note: Dynamic gmin stepping completed
Using SPARSE 1.3 as Direct Linear Solver
Note: Starting dynamic gmin stepping
Note: Dynamic gmin stepping completed
Using SPARSE 1.3 as Direct Linear Solver
Note: Starting dynamic gmin stepping
Note: Dynamic gmin stepping completed
Using SPARSE 1.3 as Direct Linear Solver
Note: Starting dynamic gmin stepping
Note: Dynamic gmin stepping completed
Using SPARSE 1.3 as Direct Linear Solver
Note: Starting dynamic gmin stepping
Note: Dynamic gmin stepping completed
Using SPARSE 1.3 as Direct Linear Solver
Using SPARSE 1.3 as Direct Linear Solver
Using SPARSE 1.3 as Direct Linear Solver
Using SPARSE 1.3 as Direct Linear Solver
P = 125.000000 and TNOM = 27.000000


No. of Data Rows : 1
p_lm = 4.000000e+00
p_temp = 1.250000e+02
p_vdd = 1.320000e+00
p_vout = 7.000000e-01
i_up_na = 1.350392e+03
i_dn_na = 1.567716e+03
ROWEND
Reset re-loads circuit * cp_ibias_pvt.spice -- pump up/down currents with cp_bias (from the 40 ua ibias

Circuit: * cp_ibias_pvt.spice -- pump up/down currents with cp_bias (from the 40 ua ibias

Doing analysis at TEMP = -40.000000 and TNOM = 27.000000


No. of Data Rows : 1
p_lm = 5.000000e+00
p_temp = -4.00000e+01
p_vdd = 1.080000e+00
p_vout = 5.000000e-01
i_up_na = 1.132812e+03
i_dn_na = 1.219120e+03
ROWEND
Doing analysis at TEMP = -40.000000 and TNOM = 27.000000


No. of Data Rows : 1
p_lm = 5.000000e+00
p_temp = -4.00000e+01
p_vdd = 1.080000e+00
p_vout = 6.000000e-01
i_up_na = 1.130417e+03
i_dn_na = 1.257213e+03
ROWEND
Doing analysis at TEMP = -40.000000 and TNOM = 27.000000


No. of Data Rows : 1
p_lm = 5.000000e+00
p_temp = -4.00000e+01
p_vdd = 1.080000e+00
p_vout = 7.000000e-01
i_up_na = 1.119902e+03
i_dn_na = 1.265610e+03
ROWEND
Doing analysis at TEMP = -40.000000 and TNOM = 27.000000


No. of Data Rows : 1
p_lm = 5.000000e+00
p_temp = -4.00000e+01
p_vdd = 1.200000e+00
p_vout = 5.000000e-01
i_up_na = 1.165379e+03
i_dn_na = 1.248470e+03
ROWEND
Doing analysis at TEMP = -40.000000 and TNOM = 27.000000


No. of Data Rows : 1
p_lm = 5.000000e+00
p_temp = -4.00000e+01
p_vdd = 1.200000e+00
p_vout = 6.000000e-01
i_up_na = 1.163811e+03
i_dn_na = 1.286886e+03
ROWEND
Doing analysis at TEMP = -40.000000 and TNOM = 27.000000


No. of Data Rows : 1
p_lm = 5.000000e+00
p_temp = -4.00000e+01
p_vdd = 1.200000e+00
p_vout = 7.000000e-01
i_up_na = 1.156572e+03
i_dn_na = 1.295384e+03
ROWEND
Doing analysis at TEMP = -40.000000 and TNOM = 27.000000


No. of Data Rows : 1
p_lm = 5.000000e+00
p_temp = -4.00000e+01
p_vdd = 1.320000e+00
p_vout = 5.000000e-01
i_up_na = 1.193824e+03
i_dn_na = 1.274593e+03
ROWEND
Doing analysis at TEMP = -40.000000 and TNOM = 27.000000


No. of Data Rows : 1
p_lm = 5.000000e+00
p_temp = -4.00000e+01
p_vdd = 1.320000e+00
p_vout = 6.000000e-01
i_up_na = 1.192703e+03
i_dn_na = 1.313290e+03
ROWEND
Doing analysis at TEMP = -40.000000 and TNOM = 27.000000


No. of Data Rows : 1
p_lm = 5.000000e+00
p_temp = -4.00000e+01
p_vdd = 1.320000e+00
p_vout = 7.000000e-01
i_up_na = 1.187514e+03
i_dn_na = 1.321877e+03
ROWEND
Doing analysis at TEMP = 27.000000 and TNOM = 27.000000


No. of Data Rows : 1
p_lm = 5.000000e+00
p_temp = 2.700000e+01
p_vdd = 1.080000e+00
p_vout = 5.000000e-01
i_up_na = 1.108847e+03
i_dn_na = 1.212328e+03
ROWEND
Doing analysis at TEMP = 27.000000 and TNOM = 27.000000


No. of Data Rows : 1
p_lm = 5.000000e+00
p_temp = 2.700000e+01
p_vdd = 1.080000e+00
p_vout = 6.000000e-01
i_up_na = 1.105131e+03
i_dn_na = 1.256171e+03
ROWEND
Doing analysis at TEMP = 27.000000 and TNOM = 27.000000


No. of Data Rows : 1
p_lm = 5.000000e+00
p_temp = 2.700000e+01
p_vdd = 1.080000e+00
p_vout = 7.000000e-01
i_up_na = 1.095098e+03
i_dn_na = 1.269394e+03
ROWEND
Doing analysis at TEMP = 27.000000 and TNOM = 27.000000

 Reference value :  0.00000e+00Using SPARSE 1.3 as Direct Linear Solver
Using SPARSE 1.3 as Direct Linear Solver
Using SPARSE 1.3 as Direct Linear Solver
Using SPARSE 1.3 as Direct Linear Solver
Using SPARSE 1.3 as Direct Linear Solver
Using SPARSE 1.3 as Direct Linear Solver
Using SPARSE 1.3 as Direct Linear Solver
Using SPARSE 1.3 as Direct Linear Solver
Using SPARSE 1.3 as Direct Linear Solver
Using SPARSE 1.3 as Direct Linear Solver
Using SPARSE 1.3 as Direct Linear Solver
Using SPARSE 1.3 as Direct Linear Solver
Using SPARSE 1.3 as Direct Linear Solver
Using SPARSE 1.3 as Direct Linear Solver
Using SPARSE 1.3 as Direct Linear Solver
Note: Starting dynamic gmin stepping
Note: Dynamic gmin stepping completed
Using SPARSE 1.3 as Direct Linear Solver
Note: Starting dynamic gmin stepping
Note: Dynamic gmin stepping completed
Using SPARSE 1.3 as Direct Linear Solver
Note: Starting dynamic gmin stepping
Note: Dynamic gmin stepping completed

No. of Data Rows : 1
p_lm = 5.000000e+00
p_temp = 2.700000e+01
p_vdd = 1.200000e+00
p_vout = 5.000000e-01
i_up_na = 1.135224e+03
i_dn_na = 1.236589e+03
ROWEND
Doing analysis at TEMP = 27.000000 and TNOM = 27.000000


No. of Data Rows : 1
p_lm = 5.000000e+00
p_temp = 2.700000e+01
p_vdd = 1.200000e+00
p_vout = 6.000000e-01
i_up_na = 1.132773e+03
i_dn_na = 1.280796e+03
ROWEND
Doing analysis at TEMP = 27.000000 and TNOM = 27.000000


No. of Data Rows : 1
p_lm = 5.000000e+00
p_temp = 2.700000e+01
p_vdd = 1.200000e+00
p_vout = 7.000000e-01
i_up_na = 1.125499e+03
i_dn_na = 1.294098e+03
ROWEND
Doing analysis at TEMP = 27.000000 and TNOM = 27.000000


No. of Data Rows : 1
p_lm = 5.000000e+00
p_temp = 2.700000e+01
p_vdd = 1.320000e+00
p_vout = 5.000000e-01
i_up_na = 1.158314e+03
i_dn_na = 1.258185e+03
ROWEND
Doing analysis at TEMP = 27.000000 and TNOM = 27.000000


No. of Data Rows : 1
p_lm = 5.000000e+00
p_temp = 2.700000e+01
p_vdd = 1.320000e+00
p_vout = 6.000000e-01
i_up_na = 1.156625e+03
i_dn_na = 1.302709e+03
ROWEND
Doing analysis at TEMP = 27.000000 and TNOM = 27.000000


No. of Data Rows : 1
p_lm = 5.000000e+00
p_temp = 2.700000e+01
p_vdd = 1.320000e+00
p_vout = 7.000000e-01
i_up_na = 1.151075e+03
i_dn_na = 1.316081e+03
ROWEND
Doing analysis at TEMP = 125.000000 and TNOM = 27.000000


No. of Data Rows : 1
p_lm = 5.000000e+00
p_temp = 1.250000e+02
p_vdd = 1.080000e+00
p_vout = 5.000000e-01
i_up_na = 1.085275e+03
i_dn_na = 1.214916e+03
ROWEND
Doing analysis at TEMP = 125.000000 and TNOM = 27.000000


No. of Data Rows : 1
p_lm = 5.000000e+00
p_temp = 1.250000e+02
p_vdd = 1.080000e+00
p_vout = 6.000000e-01
i_up_na = 1.079925e+03
i_dn_na = 1.261589e+03
ROWEND
Doing analysis at TEMP = 125.000000 and TNOM = 27.000000


No. of Data Rows : 1
p_lm = 5.000000e+00
p_temp = 1.250000e+02
p_vdd = 1.080000e+00
p_vout = 7.000000e-01
i_up_na = 1.071080e+03
i_dn_na = 1.285493e+03
ROWEND
Doing analysis at TEMP = 125.000000 and TNOM = 27.000000


No. of Data Rows : 1
p_lm = 5.000000e+00
p_temp = 1.250000e+02
p_vdd = 1.200000e+00
p_vout = 5.000000e-01
i_up_na = 1.105611e+03
i_dn_na = 1.233687e+03
ROWEND
Doing analysis at TEMP = 125.000000 and TNOM = 27.000000


No. of Data Rows : 1
p_lm = 5.000000e+00
p_temp = 1.250000e+02
p_vdd = 1.200000e+00
p_vout = 6.000000e-01
i_up_na = 1.101679e+03
i_dn_na = 1.280723e+03
ROWEND
Doing analysis at TEMP = 125.000000 and TNOM = 27.000000


No. of Data Rows : 1
p_lm = 5.000000e+00
p_temp = 1.250000e+02
p_vdd = 1.200000e+00
p_vout = 7.000000e-01
i_up_na = 1.095137e+03
i_dn_na = 1.304722e+03
ROWEND
Doing analysis at TEMP = 125.000000 and TNOM = 27.000000


No. of Data Rows : 1
p_lm = 5.000000e+00
p_temp = 1.250000e+02
p_vdd = 1.320000e+00
p_vout = 5.000000e-01
i_up_na = 1.123389e+03
i_dn_na = 1.250408e+03
ROWEND
Doing analysis at TEMP = 125.000000 and TNOM = 27.000000


No. of Data Rows : 1
p_lm = 5.000000e+00
p_temp = 1.250000e+02
p_vdd = 1.320000e+00
p_vout = 6.000000e-01
i_up_na = 1.120400e+03
i_dn_na = 1.297762e+03
ROWEND
Doing analysis at TEMP = 125.000000 and TNOM = 27.000000


No. of Data Rows : 1
p_lm = 5.000000e+00
p_temp = 1.250000e+02
p_vdd = 1.320000e+00
p_vout = 7.000000e-01
i_up_na = 1.115202e+03
i_dn_na = 1.321847e+03
ROWEND
Reset re-loads circuit * cp_ibias_pvt.spice -- pump up/down currents with cp_bias (from the 40 ua ibias

Circuit: * cp_ibias_pvt.spice -- pump up/down currents with cp_bias (from the 40 ua ibias

Doing analysis at TEMP = -40.000000 and TNOM = 27.000000


No. of Data Rows : 1
p_lm = 6.000000e+00
p_temp = -4.00000e+01
p_vdd = 1.080000e+00
p_vout = 5.000000e-01
i_up_na = 9.846370e+02
i_dn_na = 1.068158e+03
ROWEND
Doing analysis at TEMP = -40.000000 and TNOM = 27.000000


No. of Data Rows : 1
p_lm = 6.000000e+00
p_temp = -4.00000e+01
p_vdd = 1.080000e+00
p_vout = 6.000000e-01
i_up_na = 9.824787e+02
i_dn_na = 1.104419e+03
ROWEND
Doing analysis at TEMP = -40.000000 and TNOM = 27.000000


No. of Data Rows : 1
p_lm = 6.000000e+00
p_temp = -4.00000e+01
p_vdd = 1.080000e+00
p_vout = 7.000000e-01
i_up_na = 9.730249e+02
i_dn_na = 1.112286e+03
ROWEND
Doing analysis at TEMP = -40.000000 andUsing SPARSE 1.3 as Direct Linear Solver
Note: Starting dynamic gmin stepping
Note: Dynamic gmin stepping completed
Using SPARSE 1.3 as Direct Linear Solver
Note: Starting dynamic gmin stepping
Note: Dynamic gmin stepping completed
Using SPARSE 1.3 as Direct Linear Solver
Note: Starting dynamic gmin stepping
Note: Dynamic gmin stepping completed
Using SPARSE 1.3 as Direct Linear Solver
Note: Starting dynamic gmin stepping
Note: Dynamic gmin stepping completed
Using SPARSE 1.3 as Direct Linear Solver
Note: Starting dynamic gmin stepping
Note: Dynamic gmin stepping completed
 TNOM = 27.000000


No. of Data Rows : 1
p_lm = 6.000000e+00
p_temp = -4.00000e+01
p_vdd = 1.200000e+00
p_vout = 5.000000e-01
i_up_na = 1.011689e+03
i_dn_na = 1.092644e+03
ROWEND
Doing analysis at TEMP = -40.000000 and TNOM = 27.000000


No. of Data Rows : 1
p_lm = 6.000000e+00
p_temp = -4.00000e+01
p_vdd = 1.200000e+00
p_vout = 6.000000e-01
i_up_na = 1.010288e+03
i_dn_na = 1.129223e+03
ROWEND
Doing analysis at TEMP = -40.000000 and TNOM = 27.000000


No. of Data Rows : 1
p_lm = 6.000000e+00
p_temp = -4.00000e+01
p_vdd = 1.200000e+00
p_vout = 7.000000e-01
i_up_na = 1.003711e+03
i_dn_na = 1.137178e+03
ROWEND
Doing analysis at TEMP = -40.000000 and TNOM = 27.000000


No. of Data Rows : 1
p_lm = 6.000000e+00
p_temp = -4.00000e+01
p_vdd = 1.320000e+00
p_vout = 5.000000e-01
i_up_na = 1.035307e+03
i_dn_na = 1.114432e+03
ROWEND
Doing analysis at TEMP = -40.000000 and TNOM = 27.000000

 Reference value :  0.00000e+00Using SPARSE 1.3 as Direct Linear Solver
Note: Starting dynamic gmin stepping
Note: Dynamic gmin stepping completed
Using SPARSE 1.3 as Direct Linear Solver
Using SPARSE 1.3 as Direct Linear Solver
Using SPARSE 1.3 as Direct Linear Solver
Using SPARSE 1.3 as Direct Linear Solver
Using SPARSE 1.3 as Direct Linear Solver
Using SPARSE 1.3 as Direct Linear Solver
Using SPARSE 1.3 as Direct Linear Solver
Using SPARSE 1.3 as Direct Linear Solver
Using SPARSE 1.3 as Direct Linear Solver
Using SPARSE 1.3 as Direct Linear Solver
Using SPARSE 1.3 as Direct Linear Solver
Using SPARSE 1.3 as Direct Linear Solver
Using SPARSE 1.3 as Direct Linear Solver
Using SPARSE 1.3 as Direct Linear Solver
Using SPARSE 1.3 as Direct Linear Solver
Using SPARSE 1.3 as Direct Linear Solver
Using SPARSE 1.3 as Direct Linear Solver

No. of Data Rows : 1
p_lm = 6.000000e+00
p_temp = -4.00000e+01
p_vdd = 1.320000e+00
p_vout = 6.000000e-01
i_up_na = 1.034316e+03
i_dn_na = 1.151287e+03
ROWEND
Doing analysis at TEMP = -40.000000 and TNOM = 27.000000


No. of Data Rows : 1
p_lm = 6.000000e+00
p_temp = -4.00000e+01
p_vdd = 1.320000e+00
p_vout = 7.000000e-01
i_up_na = 1.029565e+03
i_dn_na = 1.159319e+03
ROWEND
Doing analysis at TEMP = 27.000000 and TNOM = 27.000000


No. of Data Rows : 1
p_lm = 6.000000e+00
p_temp = 2.700000e+01
p_vdd = 1.080000e+00
p_vout = 5.000000e-01
i_up_na = 9.565738e+02
i_dn_na = 1.056090e+03
ROWEND
Doing analysis at TEMP = 27.000000 and TNOM = 27.000000


No. of Data Rows : 1
p_lm = 6.000000e+00
p_temp = 2.700000e+01
p_vdd = 1.080000e+00
p_vout = 6.000000e-01
i_up_na = 9.532015e+02
i_dn_na = 1.097376e+03
ROWEND
Doing analysis at TEMP = 27.000000 and TNOM = 27.000000


No. of Data Rows : 1
p_lm = 6.000000e+00
p_temp = 2.700000e+01
p_vdd = 1.080000e+00
p_vout = 7.000000e-01
i_up_na = 9.444261e+02
i_dn_na = 1.110065e+03
ROWEND
Doing analysis at TEMP = 27.000000 and TNOM = 27.000000


No. of Data Rows : 1
p_lm = 6.000000e+00
p_temp = 2.700000e+01
p_vdd = 1.200000e+00
p_vout = 5.000000e-01
i_up_na = 9.781881e+02
i_dn_na = 1.076086e+03
ROWEND
Doing analysis at TEMP = 27.000000 and TNOM = 27.000000


No. of Data Rows : 1
p_lm = 6.000000e+00
p_temp = 2.700000e+01
p_vdd = 1.200000e+00
p_vout = 6.000000e-01
i_up_na = 9.759525e+02
i_dn_na = 1.117721e+03
ROWEND
Doing analysis at TEMP = 27.000000 and TNOM = 27.000000


No. of Data Rows : 1
p_lm = 6.000000e+00
p_temp = 2.700000e+01
p_vdd = 1.200000e+00
p_vout = 7.000000e-01
i_up_na = 9.695215e+02
i_dn_na = 1.130481e+03
ROWEND
Doing analysis at TEMP = 27.000000 and TNOM = 27.000000


No. of Data Rows : 1
p_lm = 6.000000e+00
p_temp = 2.700000e+01
p_vdd = 1.320000e+00
p_vout = 5.000000e-01
i_up_na = 9.971080e+02
i_dn_na = 1.093886e+03
ROWEND
Doing analysis at TEMP = 27.000000 and TNOM = 27.000000


No. of Data Rows : 1
p_lm = 6.000000e+00
p_temp = 2.700000e+01
p_vdd = 1.320000e+00
p_vout = 6.000000e-01
i_up_na = 9.955681e+02
i_dn_na = 1.135826e+03
ROWEND
Doing analysis at TEMP = 27.000000 and TNOM = 27.000000


No. of Data Rows : 1
p_lm = 6.000000e+00
p_temp = 2.700000e+01
p_vdd = 1.320000e+00
p_vout = 7.000000e-01
i_up_na = 9.906177e+02
i_dn_na = 1.148649e+03
ROWEND
Doing analysis at TEMP = 125.000000 and TNOM = 27.000000


No. of Data Rows : 1
p_lm = 6.000000e+00
p_temp = 1.250000e+02
p_vdd = 1.080000e+00
p_vout = 5.000000e-01
i_up_na = 9.285769e+02
i_dn_na = 1.052956e+03
ROWEND
Doing analysis at TEMP = 125.000000 and TNOM = 27.000000


No. of Data Rows : 1
p_lm = 6.000000e+00
p_temp = 1.250000e+02
p_vdd = 1.080000e+00
p_vout = 6.000000e-01
i_up_na = 9.238981e+02
i_dn_na = 1.096299e+03
ROWEND
Doing analysis at TEMP = 125.000000 and TNOM = 27.000000


No. of Data Rows : 1
p_lm = 6.000000e+00
p_temp = 1.250000e+02
p_vdd = 1.080000e+00
p_vout = 7.000000e-01
i_up_na = 9.164042e+02
i_dn_na = 1.119287e+03
ROWEND
Doing analysis at TEMP = 125.000000 and TNOM = 27.000000


No. of Data Rows : 1
p_lm = 6.000000e+00
p_temp = 1.250000e+02
p_vdd = 1.200000e+00
p_vout = 5.000000e-01
i_up_na = 9.450419e+02
i_dn_na = 1.068223e+03
ROWEND
Doing analysis at TEMP = 125.000000 and TNOM = 27.000000


No. of Data Rows : 1
p_lm = 6.000000e+00
p_temp = 1.250000e+02
p_vdd = 1.200000e+00
p_vout = 6.000000e-01
i_up_na = 9.415622e+02
i_dn_na = 1.111901e+03
ROWEND
Doing analysis at TEMP = 125.000000 and TNOM = 27.000000


No. of Data Rows : 1
p_lm = 6.000000e+00
p_temp = 1.250000e+02
p_vdd = 1.200000e+00
p_vout = 7.000000e-01
i_up_na = 9.359622e+02
i_dn_na = 1.134985e+03
ROWEND
Doing analysis at TEMP = 125.000000 and TNOM = 27.000000


No. of Data Rows : 1
p_lm = 6.000000e+00
p_temp = 1.250000e+02
p_vdd = 1.320000e+00
p_vout = 5.000000e-01
i_up_na = 9.594379e+02
i_dn_na = 1.081833e+03
ROWEND
Doing analysis at TEMP = 125.000000 and TNOM = 27.000000


No. of Data Rows : 1
p_lm = 6.000000e+00
p_temp = 1.250000e+02
p_vdd = 1.320000e+00
p_vout = 6.000000e-01
i_up_na = 9.567668e+02
i_dn_na = 1.125805e+03
ROWEND
Doing analysis at TEMUsing SPARSE 1.3 as Direct Linear Solver
P = 125.000000 and TNOM = 27.000000


No. of Data Rows : 1
p_lm = 6.000000e+00
p_temp = 1.250000e+02
p_vdd = 1.320000e+00
p_vout = 7.000000e-01
i_up_na = 9.522867e+02
i_dn_na = 1.148972e+03
ROWEND
ngspice-42 done
[safe_ngspice] exit rc=0
