[safe_ngspice] cp_ibias_check.spice  memcap=1500MB timeout=900s floor=2000MB
Warning: m=xx on .subckt line will override multiplier m hierarchy!

Warning: redefinition of .subckt cp_bias, ignored
Using SPARSE 1.3 as Direct Linear Solver
Note: Starting dynamic gmin stepping
Note: Dynamic gmin stepping completed
Using SPARSE 1.3 as Direct Linear Solver
Note: Starting dynamic gmin stepping
Note: Dynamic gmin stepping completed
Using SPARSE 1.3 as Direct Linear Solver
Note: Starting dynamic gmin stepping
Note: Dynamic gmin stepping completed

Note: Compatibility modes selected: hs a


Circuit: * cp_ibias_check.spice -- the adopted cp_bias (fixed sizes) pump currents, 27 corners.

Reset re-loads circuit * cp_ibias_check.spice -- the adopted cp_bias (fixed sizes) pump currents, 27 corners.

Circuit: * cp_ibias_check.spice -- the adopted cp_bias (fixed sizes) pump currents, 27 corners.

Doing analysis at TEMP = -40.000000 and TNOM = 27.000000


No. of Data Rows : 1
p_temp = -4.00000e+01
p_vdd = 1.080000e+00
p_vout = 5.000000e-01
i_up_na = 4.211972e+02
i_dn_na = 4.161228e+02
ROWEND
Doing analysis at TEMP = -40.000000 and TNOM = 27.000000


No. of Data Rows : 1
p_temp = -4.00000e+01
p_vdd = 1.080000e+00
p_vout = 6.000000e-01
i_up_na = 4.183480e+02
i_dn_na = 4.431872e+02
ROWEND
Doing analysis at TEMP = -40.000000 and TNOM = 27.000000

 Reference value :  0.00000e+00Using SPARSE 1.3 as Direct Linear Solver
Note: Starting dynamic gmin stepping
Note: Dynamic gmin stepping completed
Using SPARSE 1.3 as Direct Linear Solver
Note: Starting dynamic gmin stepping
Note: Dynamic gmin stepping completed
Using SPARSE 1.3 as Direct Linear Solver
Note: Starting dynamic gmin stepping
Note: Dynamic gmin stepping completed
Using SPARSE 1.3 as Direct Linear Solver
Note: Starting dynamic gmin stepping
Note: Dynamic gmin stepping completed
Using SPARSE 1.3 as Direct Linear Solver
Note: Starting dynamic gmin stepping
Note: Dynamic gmin stepping completed
Using SPARSE 1.3 as Direct Linear Solver
Note: Starting dynamic gmin stepping
Note: Dynamic gmin stepping completed
Using SPARSE 1.3 as Direct Linear Solver
Using SPARSE 1.3 as Direct Linear Solver
Using SPARSE 1.3 as Direct Linear Solver
Using SPARSE 1.3 as Direct Linear Solver
Using SPARSE 1.3 as Direct Linear Solver
Using SPARSE 1.3 as Direct Linear Solver
Using SPARSE 1.3 as Direct Linear Solver
Using SPARSE 1.3 as Direct Linear Solver
Using SPARSE 1.3 as Direct Linear Solver
Using SPARSE 1.3 as Direct Linear Solver
Using SPARSE 1.3 as Direct Linear Solver
Using SPARSE 1.3 as Direct Linear Solver
Using SPARSE 1.3 as Direct Linear Solver
Using SPARSE 1.3 as Direct Linear Solver

No. of Data Rows : 1
p_temp = -4.00000e+01
p_vdd = 1.080000e+00
p_vout = 7.000000e-01
i_up_na = 4.132666e+02
i_dn_na = 4.560241e+02
ROWEND
Doing analysis at TEMP = -40.000000 and TNOM = 27.000000


No. of Data Rows : 1
p_temp = -4.00000e+01
p_vdd = 1.200000e+00
p_vout = 5.000000e-01
i_up_na = 4.300520e+02
i_dn_na = 4.233821e+02
ROWEND
Doing analysis at TEMP = -40.000000 and TNOM = 27.000000


No. of Data Rows : 1
p_temp = -4.00000e+01
p_vdd = 1.200000e+00
p_vout = 6.000000e-01
i_up_na = 4.280182e+02
i_dn_na = 4.507954e+02
ROWEND
Doing analysis at TEMP = -40.000000 and TNOM = 27.000000


No. of Data Rows : 1
p_temp = -4.00000e+01
p_vdd = 1.200000e+00
p_vout = 7.000000e-01
i_up_na = 4.240533e+02
i_dn_na = 4.637328e+02
ROWEND
Doing analysis at TEMP = -40.000000 and TNOM = 27.000000


No. of Data Rows : 1
p_temp = -4.00000e+01
p_vdd = 1.320000e+00
p_vout = 5.000000e-01
i_up_na = 4.378523e+02
i_dn_na = 4.298971e+02
ROWEND
Doing analysis at TEMP = -40.000000 and TNOM = 27.000000


No. of Data Rows : 1
p_temp = -4.00000e+01
p_vdd = 1.320000e+00
p_vout = 6.000000e-01
i_up_na = 4.363866e+02
i_dn_na = 4.576211e+02
ROWEND
Doing analysis at TEMP = -40.000000 and TNOM = 27.000000


No. of Data Rows : 1
p_temp = -4.00000e+01
p_vdd = 1.320000e+00
p_vout = 7.000000e-01
i_up_na = 4.331501e+02
i_dn_na = 4.706472e+02
ROWEND
Doing analysis at TEMP = 27.000000 and TNOM = 27.000000


No. of Data Rows : 1
p_temp = 2.700000e+01
p_vdd = 1.080000e+00
p_vout = 5.000000e-01
i_up_na = 4.113384e+02
i_dn_na = 4.176028e+02
ROWEND
Doing analysis at TEMP = 27.000000 and TNOM = 27.000000


No. of Data Rows : 1
p_temp = 2.700000e+01
p_vdd = 1.080000e+00
p_vout = 6.000000e-01
i_up_na = 4.085805e+02
i_dn_na = 4.440681e+02
ROWEND
Doing analysis at TEMP = 27.000000 and TNOM = 27.000000


No. of Data Rows : 1
p_temp = 2.700000e+01
p_vdd = 1.080000e+00
p_vout = 7.000000e-01
i_up_na = 4.046709e+02
i_dn_na = 4.615838e+02
ROWEND
Doing analysis at TEMP = 27.000000 and TNOM = 27.000000


No. of Data Rows : 1
p_temp = 2.700000e+01
p_vdd = 1.200000e+00
p_vout = 5.000000e-01
i_up_na = 4.184511e+02
i_dn_na = 4.234361e+02
ROWEND
Doing analysis at TEMP = 27.000000 and TNOM = 27.000000


No. of Data Rows : 1
p_temp = 2.700000e+01
p_vdd = 1.200000e+00
p_vout = 6.000000e-01
i_up_na = 4.163051e+02
i_dn_na = 4.501831e+02
ROWEND
Doing analysis at TEMP = 27.000000 and TNOM = 27.000000


No. of Data Rows : 1
p_temp = 2.700000e+01
p_vdd = 1.200000e+00
p_vout = 7.000000e-01
i_up_na = 4.132452e+02
i_dn_na = 4.678307e+02
ROWEND
Doing analysis at TEMP = 27.000000 and TNOM = 27.000000


No. of Data Rows : 1
p_temp = 2.700000e+01
p_vdd = 1.320000e+00
p_vout = 5.000000e-01
i_up_na = 4.246992e+02
i_dn_na = 4.286762e+02
ROWEND
Doing analysis at TEMP = 27.000000 and TNOM = 27.000000


No. of Data Rows : 1
p_temp = 2.700000e+01
p_vdd = 1.320000e+00
p_vout = 6.000000e-01
i_up_na = 4.229950e+02
i_dn_na = 4.556748e+02
ROWEND
Doing analysis at TEMP = 27.000000 and TNOM = 27.000000


No. of Data Rows : 1
p_temp = 2.700000e+01
p_vdd = 1.320000e+00
p_vout = 7.000000e-01
i_up_na = 4.204739e+02
i_dn_na = 4.734397e+02
ROWEND
Doing analysis at TEMP = 125.000000 and TNOM = 27.000000


No. of Data Rows : 1
p_temp = 1.250000e+02
p_vdd = 1.080000e+00
p_vout = 5.000000e-01
i_up_na = 3.978671e+02
i_dn_na = 4.213775e+02
ROWEND
Doing analysis at TEMP = 125.000000 and TNOM = 27.000000


No. of Data Rows : 1
p_temp = 1.250000e+02
p_vdd = 1.080000e+00
p_vout = 6.000000e-01
i_up_na = 3.955866e+02
i_dn_na = 4.461690e+02
ROWEND
Doing analysis at TEMP = 125.000000 and TNOM = 27.000000


No. of Data Rows : 1
p_temp = 1.250000e+02
p_vdd = 1.080000e+00
p_vout = 7.000000e-01
i_up_na = 3.926567e+02
i_dn_na = 4.667566e+02
ROWEND
Doing analysis at TEMP = 125.000000 and TNOM = 27.000000


No. of Data Rows : 1
p_temp = 1.250000e+02
p_vdd = 1.200000e+00
p_vout = 5.000000e-01
i_up_na = 4.032925e+02
i_dn_na = 4.256379e+02
ROWEND
Doing analysis at TEMP = 125.000000 and TNOM = 27.000000


No. of Data Rows : 1
p_temp = 1.250000e+02
p_vdd = 1.200000e+00
p_vout = 6.000000e-01
i_up_na = 4.014325e+02
i_dn_na = 4.506364e+02
ROWEND
DoingUsing SPARSE 1.3 as Direct Linear Solver
Using SPARSE 1.3 as Direct Linear Solver
Using SPARSE 1.3 as Direct Linear Solver
Using SPARSE 1.3 as Direct Linear Solver
 analysis at TEMP = 125.000000 and TNOM = 27.000000


No. of Data Rows : 1
p_temp = 1.250000e+02
p_vdd = 1.200000e+00
p_vout = 7.000000e-01
i_up_na = 3.991391e+02
i_dn_na = 4.713725e+02
ROWEND
Doing analysis at TEMP = 125.000000 and TNOM = 27.000000


No. of Data Rows : 1
p_temp = 1.250000e+02
p_vdd = 1.320000e+00
p_vout = 5.000000e-01
i_up_na = 4.080700e+02
i_dn_na = 4.294495e+02
ROWEND
Doing analysis at TEMP = 125.000000 and TNOM = 27.000000


No. of Data Rows : 1
p_temp = 1.250000e+02
p_vdd = 1.320000e+00
p_vout = 6.000000e-01
i_up_na = 4.064991e+02
i_dn_na = 4.546358e+02
ROWEND
Doing analysis at TEMP = 125.000000 and TNOM = 27.000000


No. of Data Rows : 1
p_temp = 1.250000e+02
p_vdd = 1.320000e+00
p_vout = 7.000000e-01
i_up_na = 4.045951e+02
i_dn_na = 4.755074e+02
ROWEND
ngspice-42 done
[safe_ngspice] exit rc=0
