[safe_ngspice] /tmp/ctle_ac_ss.spice  memcap=3000MB timeout=1200s floor=1200MB
Warning: m=xx on .subckt line will override multiplier m hierarchy!

Using SPARSE 1.3 as Direct Linear Solver
Note: Starting dynamic gmin stepping
Note: Dynamic gmin stepping completed

Note: Compatibility modes selected: hs a


Circuit: * ctle frequency response across pvt, driven through the specified worst-case

Doing analysis at TEMP = -40.000000 and TNOM = 27.000000

 Reference value :  0.00000e+00Using SPARSE 1.3 as Direct Linear Solver
Note: Starting dynamic gmin stepping
Note: Dynamic gmin stepping completed
Using SPARSE 1.3 as Direct Linear Solver
Note: Starting dynamic gmin stepping
Note: Dynamic gmin stepping completed

No. of Data Rows : 1
p_temp = -4.00000e+01
p_vdd = 1.080000e+00
itail = 2.707104e-04
voutcm = 4.856290e-01
vst = 6.649190e-02
vbias_v = 4.870869e-01
Doing analysis at TEMP = -40.000000 and TNOM = 27.000000


No. of Data Rows : 201
gdc                 =  7.211686e+00
gnyq                =  1.473121e+01
gsys                =  8.253209e-01
gdc = 7.211686e+00
gnyq = 1.473121e+01
boost = 7.519524e+00
gsys = 8.253209e-01
Doing analysis at TEMP = -40.000000 and TNOM = 27.000000

 Reference value :  0.00000e+00Using SPARSE 1.3 as Direct Linear Solver
Note: Starting dynamic gmin stepping
Note: Dynamic gmin stepping completed

No. of Data Rows : 1
p_temp = -4.00000e+01
p_vdd = 1.200000e+00
itail = 2.753477e-04
voutcm = 5.944098e-01
vst = 6.817599e-02
vbias_v = 4.870869e-01
Doing analysis at TEMP = -40.000000 and TNOM = 27.000000

 Reference value :  1.00000e+05Using SPARSE 1.3 as Direct Linear Solver
Note: Starting dynamic gmin stepping
Note: Dynamic gmin stepping completed
Using SPARSE 1.3 as Direct Linear Solver
Note: Starting dynamic gmin stepping
Note: Dynamic gmin stepping completed

No. of Data Rows : 201
gdc                 =  7.414213e+00
gnyq                =  1.514709e+01
gsys                =  1.236815e+00
gdc = 7.414213e+00
gnyq = 1.514709e+01
boost = 7.732877e+00
gsys = 1.236815e+00
Doing analysis at TEMP = -40.000000 and TNOM = 27.000000


No. of Data Rows : 1
p_temp = -4.00000e+01
p_vdd = 1.320000e+00
itail = 2.795234e-04
voutcm = 7.043073e-01
vst = 6.971641e-02
vbias_v = 4.870869e-01
Doing analysis at TEMP = -40.000000 and TNOM = 27.000000

 Reference value :  1.00000e+05Using SPARSE 1.3 as Direct Linear Solver
Using SPARSE 1.3 as Direct Linear Solver
Using SPARSE 1.3 as Direct Linear Solver

No. of Data Rows : 201
gdc                 =  7.589272e+00
gnyq                =  1.551424e+01
gsys                =  1.599990e+00
gdc = 7.589272e+00
gnyq = 1.551424e+01
boost = 7.924968e+00
gsys = 1.599990e+00
Doing analysis at TEMP = 27.000000 and TNOM = 27.000000


No. of Data Rows : 1
p_temp = 2.700000e+01
p_vdd = 1.080000e+00
itail = 2.969133e-04
voutcm = 5.146915e-01
vst = 1.021977e-01
vbias_v = 4.767311e-01
Doing analysis at TEMP = 27.000000 and TNOM = 27.000000


No. of Data Rows : 201
gdc                 =  6.547897e+00
gnyq                =  1.329608e+01
gsys                =  -5.814369e-01
gdc = 6.547897e+00
gnyq = 1.329608e+01
boost = 6.748183e+00
gsys = -5.81437e-01
Doing analysis at TEMP = 27.000000 and TNOM = 27.000000

 Reference value :  0.00000e+00Using SPARSE 1.3 as Direct Linear Solver
Using SPARSE 1.3 as Direct Linear Solver
Using SPARSE 1.3 as Direct Linear Solver

No. of Data Rows : 1
p_temp = 2.700000e+01
p_vdd = 1.200000e+00
itail = 3.018064e-04
voutcm = 6.245172e-01
vst = 1.049888e-01
vbias_v = 4.767311e-01
Doing analysis at TEMP = 27.000000 and TNOM = 27.000000


No. of Data Rows : 201
gdc                 =  6.779355e+00
gnyq                =  1.372548e+01
gsys                =  -1.553997e-01
gdc = 6.779355e+00
gnyq = 1.372548e+01
boost = 6.946125e+00
gsys = -1.55400e-01
Doing analysis at TEMP = 27.000000 and TNOM = 27.000000


No. of Data Rows : 1
p_temp = 2.700000e+01
p_vdd = 1.320000e+00
itail = 3.061769e-04
voutcm = 7.354298e-01
vst = 1.075456e-01
vbias_v = 4.767311e-01
Doing analysis at TEMP = 27.000000 and TNOM = 27.000000

 Reference value :  1.05925e+09Using SPARSE 1.3 as Direct Linear Solver
Using SPARSE 1.3 as Direct Linear Solver
Using SPARSE 1.3 as Direct Linear Solver
Using SPARSE 1.3 as Direct Linear Solver
Using SPARSE 1.3 as Direct Linear Solver
Using SPARSE 1.3 as Direct Linear Solver

No. of Data Rows : 201
gdc                 =  6.966715e+00
gnyq                =  1.407840e+01
gsys                =  1.946998e-01
gdc = 6.966715e+00
gnyq = 1.407840e+01
boost = 7.111685e+00
gsys = 1.946998e-01
Doing analysis at TEMP = 125.000000 and TNOM = 27.000000


No. of Data Rows : 1
p_temp = 1.250000e+02
p_vdd = 1.080000e+00
itail = 3.206487e-04
voutcm = 5.914989e-01
vst = 1.721144e-01
vbias_v = 4.613038e-01
Doing analysis at TEMP = 125.000000 and TNOM = 27.000000


No. of Data Rows : 201
gdc                 =  5.358253e+00
gnyq                =  1.090133e+01
gsys                =  -2.939511e+00
gdc = 5.358253e+00
gnyq = 1.090133e+01
boost = 5.543077e+00
gsys = -2.93951e+00
Doing analysis at TEMP = 125.000000 and TNOM = 27.000000


No. of Data Rows : 1
p_temp = 1.250000e+02
p_vdd = 1.200000e+00
itail = 3.250359e-04
voutcm = 7.042491e-01
vst = 1.770106e-01
vbias_v = 4.613038e-01
Doing analysis at TEMP = 125.000000 and TNOM = 27.000000


No. of Data Rows : 201
gdc                 =  5.624818e+00
gnyq                =  1.132763e+01
gsys                =  -2.515074e+00
gdc = 5.624818e+00
gnyq = 1.132763e+01
boost = 5.702812e+00
gsys = -2.51507e+00
Doing analysis at TEMP = 125.000000 and TNOM = 27.000000


No. of Data Rows : 1
p_temp = 1.250000e+02
p_vdd = 1.320000e+00
itail = 3.288584e-04
voutcm = 8.179325e-01
vst = 1.814736e-01
vbias_v = 4.613038e-01
Doing analysis at TEMP = 125.000000 and TNOM = 27.000000

 Reference value :  3.98107e+05
No. of Data Rows : 201
gdc                 =  5.825377e+00
gnyq                =  1.165054e+01
gsys                =  -2.193466e+00
gdc = 5.825377e+00
gnyq = 1.165054e+01
boost = 5.825163e+00
gsys = -2.19347e+00
ngspice-42 done
[safe_ngspice] exit rc=0
