[safe_ngspice] d2s_size.spice  memcap=3000MB timeout=900s floor=1200MB
Warning: m=xx on .subckt line will override multiplier m hierarchy!

Using SPARSE 1.3 as Direct Linear Solver

Note: Compatibility modes selected: hs a


Circuit: * diff_amp_inv (the ring's differential-to-single-ended converter) at 1.2 v.

Reset re-loads circuit * diff_amp_inv (the ring's differential-to-single-ended converter) at 1.2 v.

Circuit: * diff_amp_inv (the ring's differential-to-single-ended converter) at 1.2 v.

Doing analysis at TEMP = 27.000000 and TNOM = 27.000000

 Reference value :  0.00000e+00Using SPARSE 1.3 as Direct Linear Solver
Using SPARSE 1.3 as Direct Linear Solver
Using SPARSE 1.3 as Direct Linear Solver
Using SPARSE 1.3 as Direct Linear Solver
Using SPARSE 1.3 as Direct Linear Solver
Using SPARSE 1.3 as Direct Linear Solver
Using SPARSE 1.3 as Direct Linear Solver
Using SPARSE 1.3 as Direct Linear Solver
Using SPARSE 1.3 as Direct Linear Solver

No. of Data Rows : 1
p_wt1 = 3.000000e-01
p_wt2 = 5.000000e-01
itot = 9.553641e-05
s1v = 5.062180e-01
s2v = 6.746983e-01
t1cm = 1.093705e+00
outp = 1.185202e+00
outm = 8.661725e-01
outd = 3.190296e-01
Reset re-loads circuit * diff_amp_inv (the ring's differential-to-single-ended converter) at 1.2 v.

Circuit: * diff_amp_inv (the ring's differential-to-single-ended converter) at 1.2 v.

Doing analysis at TEMP = 27.000000 and TNOM = 27.000000


No. of Data Rows : 1
p_wt1 = 3.000000e-01
p_wt2 = 1.000000e+00
itot = 1.537472e-04
s1v = 5.062180e-01
s2v = 5.668090e-01
t1cm = 1.093705e+00
outp = 1.061913e+00
outm = 6.637041e-01
outd = 3.982094e-01
Reset re-loads circuit * diff_amp_inv (the ring's differential-to-single-ended converter) at 1.2 v.

Circuit: * diff_amp_inv (the ring's differential-to-single-ended converter) at 1.2 v.

Doing analysis at TEMP = 27.000000 and TNOM = 27.000000


No. of Data Rows : 1
p_wt1 = 3.000000e-01
p_wt2 = 2.000000e+00
itot = 2.492520e-04
s1v = 5.062179e-01
s2v = 4.400045e-01
t1cm = 1.093704e+00
outp = 6.790847e-01
outm = 5.120651e-01
outd = 1.670196e-01
Reset re-loads circuit * diff_amp_inv (the ring's differential-to-single-ended converter) at 1.2 v.

Circuit: * diff_amp_inv (the ring's differential-to-single-ended converter) at 1.2 v.

Doing analysis at TEMP = 27.000000 and TNOM = 27.000000


No. of Data Rows : 1
p_wt1 = 3.000000e-01
p_wt2 = 8.000000e+00
itot = 3.878514e-04
s1v = 5.062179e-01
s2v = 1.402124e-01
t1cm = 1.093702e+00
outp = 2.179515e-01
outm = 1.975074e-01
outd = 2.044405e-02
Reset re-loads circuit * diff_amp_inv (the ring's differential-to-single-ended converter) at 1.2 v.

Circuit: * diff_amp_inv (the ring's differential-to-single-ended converter) at 1.2 v.

Doing analysis at TEMP = 27.000000 and TNOM = 27.000000


No. of Data Rows : 1
p_wt1 = 5.000000e-01
p_wt2 = 5.000000e-01
itot = 1.156205e-04
s1v = 4.620466e-01
s2v = 6.697404e-01
t1cm = 1.029114e+00
outp = 1.199643e+00
outm = 8.523621e-01
outd = 3.472812e-01
Reset re-loads circuit * diff_amp_inv (the ring's differential-to-single-ended converter) at 1.2 v.

Circuit: * diff_amp_inv (the ring's differential-to-single-ended converter) at 1.2 v.

Doing analysis at TEMP = 27.000000 and TNOM = 27.000000


No. of Data Rows : 1
p_wt1 = 5.000000e-01
p_wt2 = 1.000000e+00
itot = 1.689850e-04
s1v = 4.620466e-01
s2v = 5.159371e-01
t1cm = 1.029114e+00
outp = 1.153900e+00
outm = 5.994645e-01
outd = 5.544359e-01
Reset re-loads circuit * diff_amp_inv (the ring's differential-to-single-ended converter) at 1.2 v.

Circuit: * diff_amp_inv (the ring's differential-to-single-ended converter) at 1.2 v.

Doing analysis at TEMP = 27.000000 and TNOM = 27.000000


No. of Data Rows : 1
p_wt1 = 5.000000e-01
p_wt2 = 2.000000e+00
itot = 2.490354e-04
s1v = 4.620466e-01
s2v = 3.787979e-01
t1cm = 1.029113e+00
outp = 8.600963e-01
outm = 4.452888e-01
outd = 4.148075e-01
Reset re-loads circuit * diff_amp_inv (the ring's differential-to-single-ended converter) at 1.2 v.

Circuit: * diff_amp_inv (the ring's differential-to-single-ended converter) at 1.2 v.

Doing analysis at TEMP = 27.000000 and TNOM = 27.000000


No. of Data Rows : 1
p_wt1 = 5.000000e-01
p_wt2 = 8.000000e+00
itot = 4.036600e-04
s1v = 4.620466e-01
s2v = 1.383413e-01
t1cm = 1.029112e+00
outp = 2.444142e-01
outm = 1.956061e-01
outd = 4.880805e-02
Reset re-loads circuit * diff_amp_inv (the ring's differential-to-single-ended converter) at 1.2 v.

Circuit: * diff_amp_inv (the ring's differential-to-single-ended converter) at 1.2 v.

Doing analysis at TEMP = 27.000000 and TNOM = 27.000000


No. of Data Rows : 1
p_wt1 = 1.000000e+00
p_wt2 = 5.000000e-01
itot = 1.592062e-04
s1v = 3.849435e-01
s2v = 6.695736e-01
t1cm = 8.897088e-01
outp = 1.200000e+00
outm = 8.520271e-01
outd = 3.479728e-01
Reset re-loads circuit * diff_amp_inv (the ring's differential-to-single-ended converter) at 1.2 v.

Circuit: * diff_amp_inv (the ring's differential-to-single-ended converter) at 1.2 v.

Doing analysis at TEMP = 27.000000 and TNOM = 27.000000

 Reference value :  0.00000e+00Using SPARSE 1.3 as Direct Linear Solver
Using SPARSE 1.3 as Direct Linear Solver
Using SPARSE 1.3 as Direct Linear Solver
Using SPARSE 1.3 as Direct Linear Solver
Using SPARSE 1.3 as Direct Linear Solver
Using SPARSE 1.3 as Direct Linear Solver

No. of Data Rows : 1
p_wt1 = 1.000000e+00
p_wt2 = 1.000000e+00
itot = 2.096633e-04
s1v = 3.849435e-01
s2v = 4.907417e-01
t1cm = 8.897086e-01
outp = 1.199969e+00
outm = 5.696851e-01
outd = 6.302839e-01
Reset re-loads circuit * diff_amp_inv (the ring's differential-to-single-ended converter) at 1.2 v.

Circuit: * diff_amp_inv (the ring's differential-to-single-ended converter) at 1.2 v.

Doing analysis at TEMP = 27.000000 and TNOM = 27.000000


No. of Data Rows : 1
p_wt1 = 1.000000e+00
p_wt2 = 2.000000e+00
itot = 2.551001e-04
s1v = 3.849435e-01
s2v = 2.859571e-01
t1cm = 8.897080e-01
outp = 1.168115e+00
outm = 3.472509e-01
outd = 8.208640e-01
Reset re-loads circuit * diff_amp_inv (the ring's differential-to-single-ended converter) at 1.2 v.

Circuit: * diff_amp_inv (the ring's differential-to-single-ended converter) at 1.2 v.

Doing analysis at TEMP = 27.000000 and TNOM = 27.000000


No. of Data Rows : 1
p_wt1 = 1.000000e+00
p_wt2 = 8.000000e+00
itot = 3.652993e-04
s1v = 3.849435e-01
s2v = 1.041313e-01
t1cm = 8.897064e-01
outp = 7.377518e-01
outm = 1.609122e-01
outd = 5.768395e-01
Reset re-loads circuit * diff_amp_inv (the ring's differential-to-single-ended converter) at 1.2 v.

Circuit: * diff_amp_inv (the ring's differential-to-single-ended converter) at 1.2 v.

Doing analysis at TEMP = 27.000000 and TNOM = 27.000000


No. of Data Rows : 1
p_wt1 = 2.000000e+00
p_wt2 = 5.000000e-01
itot = 2.006803e-04
s1v = 2.437846e-01
s2v = 6.653236e-01
t1cm = 7.567456e-01
outp = 1.200000e+00
outm = 8.525829e-01
outd = 3.474170e-01
Reset re-loads circuit * diff_amp_inv (the ring's differential-to-single-ended converter) at 1.2 v.

Circuit: * diff_amp_inv (the ring's differential-to-single-ended converter) at 1.2 v.

Doing analysis at TEMP = 27.000000 and TNOM = 27.000000


No. of Data Rows : 1
p_wt1 = 2.000000e+00
p_wt2 = 1.000000e+00
itot = 2.511385e-04
s1v = 2.437846e-01
s2v = 4.899357e-01
t1cm = 7.567455e-01
outp = 1.200000e+00
outm = 5.702036e-01
outd = 6.297963e-01
Reset re-loads circuit * diff_amp_inv (the ring's differential-to-single-ended converter) at 1.2 v.

Circuit: * diff_amp_inv (the ring's differential-to-single-ended converter) at 1.2 v.

Doing analysis at TEMP = 27.000000 and TNOM = 27.000000


No. of Data Rows : 1
p_wt1 = 2.000000e+00
p_wt2 = 2.000000e+00
itot = 2.925816e-04
s1v = 2.437846e-01
s2v = 2.768290e-01
t1cm = 7.567448e-01
outp = 1.199982e+00
outm = 3.382800e-01
outd = 8.617025e-01
Reset re-loads circuit * diff_amp_inv (the ring's differential-to-single-ended converter) at 1.2 v.

Circuit: * diff_amp_inv (the ring's differential-to-single-ended converter) at 1.2 v.

Doing analysis at TEMP = 27.000000 and TNOM = 27.000000


No. of Data Rows : 1
p_wt1 = 2.000000e+00
p_wt2 = 8.000000e+00
itot = 3.330769e-04
s1v = 2.437846e-01
s2v = 7.440031e-02
t1cm = 7.567429e-01
outp = 1.180490e+00
outm = 1.311389e-01
outd = 1.049351e+00
ngspice-42 done
[safe_ngspice] exit rc=0
