[safe_ngspice] rhigh_tc.spice  memcap=500MB timeout=300s floor=2000MB
Using SPARSE 1.3 as Direct Linear Solver
Using SPARSE 1.3 as Direct Linear Solver
Using SPARSE 1.3 as Direct Linear Solver

Note: Compatibility modes selected: hs a


Circuit: * rhigh_tc.spice -- the loop filter resistor across temperature, in seconds.

Doing analysis at TEMP = -40.000000 and TNOM = 27.000000


No. of Data Rows : 1
p_temp = -4.00000e+01
r_ohm = 1.745293e+04
Doing analysis at TEMP = 27.000000 and TNOM = 27.000000


No. of Data Rows : 1
p_temp = 2.700000e+01
r_ohm = 1.500002e+04
Doing analysis at TEMP = 125.000000 and TNOM = 27.000000


No. of Data Rows : 1
p_temp = 1.250000e+02
r_ohm = 1.192154e+04
ngspice-42 done
[safe_ngspice] exit rc=0
