[safe_ngspice] sb_idle.spice  memcap=2500MB timeout=2400s floor=2000MB
Warning: m=xx on .subckt line will override multiplier m hierarchy!

Using SPARSE 1.3 as Direct Linear Solver
Using SPARSE 1.3 as Direct Linear Solver
Using SPARSE 1.3 as Direct Linear Solver
Using SPARSE 1.3 as Direct Linear Solver
Using SPARSE 1.3 as Direct Linear Solver
Using SPARSE 1.3 as Direct Linear Solver
Using SPARSE 1.3 as Direct Linear Solver
Using SPARSE 1.3 as Direct Linear Solver
Using SPARSE 1.3 as Direct Linear Solver

Note: Compatibility modes selected: hs a


Circuit: * sb_idle.spice -- supply current of sb_inverter with no clock.  with no input

Doing analysis at TEMP = -40.000000 and TNOM = 27.000000


No. of Data Rows : 1
p_temp = -4.00000e+01
p_vdd = 1.080000e+00
idd_ua = 1.539199e+01
v_sbin = 5.616930e-01
Doing analysis at TEMP = -40.000000 and TNOM = 27.000000


No. of Data Rows : 1
p_temp = -4.00000e+01
p_vdd = 1.200000e+00
idd_ua = 3.028042e+01
v_sbin = 6.232175e-01
Doing analysis at TEMP = -40.000000 and TNOM = 27.000000


No. of Data Rows : 1
p_temp = -4.00000e+01
p_vdd = 1.320000e+00
idd_ua = 5.188027e+01
v_sbin = 6.837603e-01
Doing analysis at TEMP = 27.000000 and TNOM = 27.000000


No. of Data Rows : 1
p_temp = 2.700000e+01
p_vdd = 1.080000e+00
idd_ua = 2.236099e+01
v_sbin = 5.609901e-01
Doing analysis at TEMP = 27.000000 and TNOM = 27.000000


No. of Data Rows : 1
p_temp = 2.700000e+01
p_vdd = 1.200000e+00
idd_ua = 3.926517e+01
v_sbin = 6.208444e-01
Doing analysis at TEMP = 27.000000 and TNOM = 27.000000


No. of Data Rows : 1
p_temp = 2.700000e+01
p_vdd = 1.320000e+00
idd_ua = 6.233817e+01
v_sbin = 6.802052e-01
Doing analysis at TEMP = 125.000000 and TNOM = 27.000000


No. of Data Rows : 1
p_temp = 1.250000e+02
p_vdd = 1.080000e+00
idd_ua = 3.512370e+01
v_sbin = 5.665144e-01
Doing analysis at TEMP = 125.000000 and TNOM = 27.000000


No. of Data Rows : 1
p_temp = 1.250000e+02
p_vdd = 1.200000e+00
idd_ua = 5.420651e+01
v_sbin = 6.264575e-01
Doing analysis at TEMP = 125.000000 and TNOM = 27.000000


No. of Data Rows : 1
p_temp = 1.250000e+02
p_vdd = 1.320000e+00
idd_ua = 7.834211e+01
v_sbin = 6.864242e-01
ngspice-42 done
[safe_ngspice] exit rc=0
