[safe_ngspice] trim_r.spice  memcap=1500MB timeout=600s floor=2000MB
Warning: m=xx on .subckt line will override multiplier m hierarchy!

Using SPARSE 1.3 as Direct Linear Solver

Note: Compatibility modes selected: hs a


Circuit: * trim_r.spice -- what the trim leg is actually worth, measured as a resistance.

Doing analysis at TEMP = 27.000000 and TNOM = 27.000000

 Reference value :  0.00000e+00Using SPARSE 1.3 as Direct Linear Solver
Using SPARSE 1.3 as Direct Linear Solver
Using SPARSE 1.3 as Direct Linear Solver
Using SPARSE 1.3 as Direct Linear Solver
Using SPARSE 1.3 as Direct Linear Solver
Using SPARSE 1.3 as Direct Linear Solver
Using SPARSE 1.3 as Direct Linear Solver
Using SPARSE 1.3 as Direct Linear Solver
Using SPARSE 1.3 as Direct Linear Solver
Using SPARSE 1.3 as Direct Linear Solver
Using SPARSE 1.3 as Direct Linear Solver
Using SPARSE 1.3 as Direct Linear Solver
Using SPARSE 1.3 as Direct Linear Solver
Using SPARSE 1.3 as Direct Linear Solver
Using SPARSE 1.3 as Direct Linear Solver
Using SPARSE 1.3 as Direct Linear Solver
Using SPARSE 1.3 as Direct Linear Solver
Using SPARSE 1.3 as Direct Linear Solver
Using SPARSE 1.3 as Direct Linear Solver
Using SPARSE 1.3 as Direct Linear Solver
Using SPARSE 1.3 as Direct Linear Solver
Using SPARSE 1.3 as Direct Linear Solver
Using SPARSE 1.3 as Direct Linear Solver
Using SPARSE 1.3 as Direct Linear Solver
Using SPARSE 1.3 as Direct Linear Solver

No. of Data Rows : 1
r_alone = -8.00006e+03
Reset re-loads circuit * trim_r.spice -- what the trim leg is actually worth, measured as a resistance.

Circuit: * trim_r.spice -- what the trim leg is actually worth, measured as a resistance.

Doing analysis at TEMP = 27.000000 and TNOM = 27.000000


No. of Data Rows : 1
w_um = 5.000000e-01
vg_v = 1.200000e+00
reff = -8.00006e+03
Doing analysis at TEMP = 27.000000 and TNOM = 27.000000


No. of Data Rows : 1
w_um = 5.000000e-01
vg_v = 9.000000e-01
reff = -7.99757e+03
Doing analysis at TEMP = 27.000000 and TNOM = 27.000000


No. of Data Rows : 1
w_um = 5.000000e-01
vg_v = 7.000000e-01
reff = -7.88748e+03
Doing analysis at TEMP = 27.000000 and TNOM = 27.000000


No. of Data Rows : 1
w_um = 5.000000e-01
vg_v = 6.000000e-01
reff = -7.72783e+03
Doing analysis at TEMP = 27.000000 and TNOM = 27.000000


No. of Data Rows : 1
w_um = 5.000000e-01
vg_v = 5.000000e-01
reff = -7.50327e+03
Doing analysis at TEMP = 27.000000 and TNOM = 27.000000


No. of Data Rows : 1
w_um = 5.000000e-01
vg_v = 4.000000e-01
reff = -7.24046e+03
Doing analysis at TEMP = 27.000000 and TNOM = 27.000000


No. of Data Rows : 1
w_um = 5.000000e-01
vg_v = 3.000000e-01
reff = -6.97521e+03
Doing analysis at TEMP = 27.000000 and TNOM = 27.000000


No. of Data Rows : 1
w_um = 5.000000e-01
vg_v = 2.000000e-01
reff = -6.73276e+03
Doing analysis at TEMP = 27.000000 and TNOM = 27.000000


No. of Data Rows : 1
w_um = 5.000000e-01
vg_v = 0.000000e+00
reff = -6.33871e+03
Reset re-loads circuit * trim_r.spice -- what the trim leg is actually worth, measured as a resistance.

Circuit: * trim_r.spice -- what the trim leg is actually worth, measured as a resistance.

Doing analysis at TEMP = 27.000000 and TNOM = 27.000000


No. of Data Rows : 1
w_um = 1.000000e+00
vg_v = 1.200000e+00
reff = -8.00006e+03
Doing analysis at TEMP = 27.000000 and TNOM = 27.000000


No. of Data Rows : 1
w_um = 1.000000e+00
vg_v = 9.000000e-01
reff = -7.99540e+03
Doing analysis at TEMP = 27.000000 and TNOM = 27.000000


No. of Data Rows : 1
w_um = 1.000000e+00
vg_v = 7.000000e-01
reff = -7.79240e+03
Doing analysis at TEMP = 27.000000 and TNOM = 27.000000


No. of Data Rows : 1
w_um = 1.000000e+00
vg_v = 6.000000e-01
reff = -7.50742e+03
Doing analysis at TEMP = 27.000000 and TNOM = 27.000000


No. of Data Rows : 1
w_um = 1.000000e+00
vg_v = 5.000000e-01
reff = -7.12304e+03
Doing analysis at TEMP = 27.000000 and TNOM = 27.000000


No. of Data Rows : 1
w_um = 1.000000e+00
vg_v = 4.000000e-01
reff = -6.69533e+03
Doing analysis at TEMP = 27.000000 and TNOM = 27.000000


No. of Data Rows : 1
w_um = 1.000000e+00
vg_v = 3.000000e-01
reff = -6.28579e+03
Doing analysis at TEMP = 27.000000 and TNOM = 27.000000


No. of Data Rows : 1
w_um = 1.000000e+00
vg_v = 2.000000e-01
reff = -5.92956e+03
Doing analysis at TEMP = 27.000000 and TNOM = 27.000000


No. of Data Rows : 1
w_um = 1.000000e+00
vg_v = 0.000000e+00
reff = -5.38490e+03
Reset re-loads circuit * trim_r.spice -- what the trim leg is actually worth, measured as a resistance.

Circuit: * trim_r.spice -- what the trim leg is actually worth, measured as a resistance.

Doing analysis at TEMP = 27.000000 and TNOM = 27.000000


No. of Data Rows : 1
w_um = 2.000000e+00
vg_v = 1.200000e+00
reff = -8.00006e+03
Doing analysis at TEMP = 27.000000 and TNOM = 27.000000


No. of Data Rows : 1
w_um = 2.000000e+00
vg_v = 9.000000e-01
reff = -7.99145e+03
Doing analysis at TEMP = 27.000000 and TNOM = 27.000000


No. of Data Rows : 1
w_um = 2.000000e+00
vg_v = 7.000000e-01
reff = -7.61870e+03
Doing analysis at TEMP = 27.000000 and TNOM = 27.000000


No. of Data Rows : 1
w_um = 2.000000e+00
vg_v = 6.000000e-01
reff = -7.12062e+03
Doing analysis at TEMP = 27.000000 and TNOM = 27.000000


No. of Data Rows : 1
w_um = 2.000000e+00
vg_v = 5.000000e-01
reff = -6.49371e+03
Doing analysis at TEMP = 27.000000 and TNOM = 27.000000


No. of Data Rows : 1
w_um = 2.000000e+00
vg_v = 4.000000e-01
reff = -5.85038e+03
Doing analysis at TEMP = 27.000000 and TNOM = 27.000000


No. of Data Rows : 1
w_um = 2.000000e+00
vg_v = 3.000000e-01
reff = -Using SPARSE 1.3 as Direct Linear Solver
Using SPARSE 1.3 as Direct Linear Solver
Using SPARSE 1.3 as Direct Linear Solver
Using SPARSE 1.3 as Direct Linear Solver
Using SPARSE 1.3 as Direct Linear Solver
Using SPARSE 1.3 as Direct Linear Solver
Using SPARSE 1.3 as Direct Linear Solver
Using SPARSE 1.3 as Direct Linear Solver
Using SPARSE 1.3 as Direct Linear Solver
Using SPARSE 1.3 as Direct Linear Solver
Using SPARSE 1.3 as Direct Linear Solver
Using SPARSE 1.3 as Direct Linear Solver
Using SPARSE 1.3 as Direct Linear Solver
Using SPARSE 1.3 as Direct Linear Solver
Using SPARSE 1.3 as Direct Linear Solver
Using SPARSE 1.3 as Direct Linear Solver
Using SPARSE 1.3 as Direct Linear Solver
Using SPARSE 1.3 as Direct Linear Solver
Using SPARSE 1.3 as Direct Linear Solver
Using SPARSE 1.3 as Direct Linear Solver
5.28193e+03
Doing analysis at TEMP = 27.000000 and TNOM = 27.000000


No. of Data Rows : 1
w_um = 2.000000e+00
vg_v = 2.000000e-01
reff = -4.82147e+03
Doing analysis at TEMP = 27.000000 and TNOM = 27.000000


No. of Data Rows : 1
w_um = 2.000000e+00
vg_v = 0.000000e+00
reff = -4.17225e+03
Reset re-loads circuit * trim_r.spice -- what the trim leg is actually worth, measured as a resistance.

Circuit: * trim_r.spice -- what the trim leg is actually worth, measured as a resistance.

Doing analysis at TEMP = 27.000000 and TNOM = 27.000000


No. of Data Rows : 1
w_um = 4.000000e+00
vg_v = 1.200000e+00
reff = -8.00006e+03
Doing analysis at TEMP = 27.000000 and TNOM = 27.000000


No. of Data Rows : 1
w_um = 4.000000e+00
vg_v = 9.000000e-01
reff = -7.98389e+03
Doing analysis at TEMP = 27.000000 and TNOM = 27.000000


No. of Data Rows : 1
w_um = 4.000000e+00
vg_v = 7.000000e-01
reff = -7.30234e+03
Doing analysis at TEMP = 27.000000 and TNOM = 27.000000


No. of Data Rows : 1
w_um = 4.000000e+00
vg_v = 6.000000e-01
reff = -6.47061e+03
Doing analysis at TEMP = 27.000000 and TNOM = 27.000000


No. of Data Rows : 1
w_um = 4.000000e+00
vg_v = 5.000000e-01
reff = -5.53792e+03
Doing analysis at TEMP = 27.000000 and TNOM = 27.000000


No. of Data Rows : 1
w_um = 4.000000e+00
vg_v = 4.000000e-01
reff = -4.69209e+03
Doing analysis at TEMP = 27.000000 and TNOM = 27.000000


No. of Data Rows : 1
w_um = 4.000000e+00
vg_v = 3.000000e-01
reff = -4.02359e+03
Doing analysis at TEMP = 27.000000 and TNOM = 27.000000


No. of Data Rows : 1
w_um = 4.000000e+00
vg_v = 2.000000e-01
reff = -3.52895e+03
Doing analysis at TEMP = 27.000000 and TNOM = 27.000000


No. of Data Rows : 1
w_um = 4.000000e+00
vg_v = 0.000000e+00
reff = -2.89368e+03
Reset re-loads circuit * trim_r.spice -- what the trim leg is actually worth, measured as a resistance.

Circuit: * trim_r.spice -- what the trim leg is actually worth, measured as a resistance.

Doing analysis at TEMP = 27.000000 and TNOM = 27.000000


No. of Data Rows : 1
w_um = 8.000000e+00
vg_v = 1.200000e+00
reff = -8.00006e+03
Doing analysis at TEMP = 27.000000 and TNOM = 27.000000


No. of Data Rows : 1
w_um = 8.000000e+00
vg_v = 9.000000e-01
reff = -7.96913e+03
Doing analysis at TEMP = 27.000000 and TNOM = 27.000000


No. of Data Rows : 1
w_um = 8.000000e+00
vg_v = 7.000000e-01
reff = -6.74996e+03
Doing analysis at TEMP = 27.000000 and TNOM = 27.000000


No. of Data Rows : 1
w_um = 8.000000e+00
vg_v = 6.000000e-01
reff = -5.48272e+03
Doing analysis at TEMP = 27.000000 and TNOM = 27.000000


No. of Data Rows : 1
w_um = 8.000000e+00
vg_v = 5.000000e-01
reff = -4.29035e+03
Doing analysis at TEMP = 27.000000 and TNOM = 27.000000


No. of Data Rows : 1
w_um = 8.000000e+00
vg_v = 4.000000e-01
reff = -3.37221e+03
Doing analysis at TEMP = 27.000000 and TNOM = 27.000000


No. of Data Rows : 1
w_um = 8.000000e+00
vg_v = 3.000000e-01
reff = -2.73488e+03
Doing analysis at TEMP = 27.000000 and TNOM = 27.000000


No. of Data Rows : 1
w_um = 8.000000e+00
vg_v = 2.000000e-01
reff = -2.30584e+03
Doing analysis at TEMP = 27.000000 and TNOM = 27.000000


No. of Data Rows : 1
w_um = 8.000000e+00
vg_v = 0.000000e+00
reff = -1.80101e+03
ngspice-42 done
[safe_ngspice] exit rc=0
